Archive member included to satisfy reference by file (symbol)

c:/dev/arm/toolchain/bin/../lib/gcc/arm-none-eabi/5.2.1/armv7-m\libgcc.a(_arm_addsubdf3.o)
                              src\config.o (__aeabi_dsub)
c:/dev/arm/toolchain/bin/../lib/gcc/arm-none-eabi/5.2.1/armv7-m\libgcc.a(_arm_muldivdf3.o)
                              src\config.o (__aeabi_dmul)
c:/dev/arm/toolchain/bin/../lib/gcc/arm-none-eabi/5.2.1/armv7-m\libgcc.a(_arm_fixdfsi.o)
                              src\config.o (__aeabi_d2iz)
c:/dev/arm/toolchain/bin/../lib/gcc/arm-none-eabi/5.2.1/armv7-m\libgcc.a(_arm_truncdfsf2.o)
                              src\config.o (__aeabi_d2f)
c:/dev/arm/toolchain/bin/../lib/gcc/arm-none-eabi/5.2.1/armv7-m\libgcc.a(_arm_addsubsf3.o)
                              src\irq.o (__aeabi_fsub)
c:/dev/arm/toolchain/bin/../lib/gcc/arm-none-eabi/5.2.1/armv7-m\libgcc.a(_arm_muldivsf3.o)
                              src\config.o (__aeabi_fdiv)
c:/dev/arm/toolchain/bin/../lib/gcc/arm-none-eabi/5.2.1/armv7-m\libgcc.a(_arm_cmpsf2.o)
                              src\moter.o (__aeabi_fcmpeq)
c:/dev/arm/toolchain/bin/../lib/gcc/arm-none-eabi/5.2.1/armv7-m\libgcc.a(_arm_fixsfsi.o)
                              src\moter.o (__aeabi_f2iz)
c:/dev/arm/toolchain/bin/../lib/gcc/arm-none-eabi/5.2.1/armv7-m\libgcc.a(unwind-arm.o)
                              src\main.o (__aeabi_unwind_cpp_pr0)
c:/dev/arm/toolchain/bin/../lib/gcc/arm-none-eabi/5.2.1/armv7-m\libgcc.a(libunwind.o)
                              c:/dev/arm/toolchain/bin/../lib/gcc/arm-none-eabi/5.2.1/armv7-m\libgcc.a(unwind-arm.o) (restore_core_regs)
c:/dev/arm/toolchain/bin/../lib/gcc/arm-none-eabi/5.2.1/armv7-m\libgcc.a(pr-support.o)
                              c:/dev/arm/toolchain/bin/../lib/gcc/arm-none-eabi/5.2.1/armv7-m\libgcc.a(unwind-arm.o) (__gnu_unwind_execute)
c:/dev/arm/toolchain/bin/../lib/gcc/arm-none-eabi/5.2.1/../../../../arm-none-eabi/lib/armv7-m\libg.a(lib_a-abort.o)
                              src\syscall.o (abort)
c:/dev/arm/toolchain/bin/../lib/gcc/arm-none-eabi/5.2.1/../../../../arm-none-eabi/lib/armv7-m\libg.a(lib_a-exit.o)
                              c:/dev/arm/toolchain/bin/../lib/gcc/arm-none-eabi/5.2.1/../../../../arm-none-eabi/lib/armv7-m/crt0.o (exit)
c:/dev/arm/toolchain/bin/../lib/gcc/arm-none-eabi/5.2.1/../../../../arm-none-eabi/lib/armv7-m\libg.a(lib_a-impure.o)
                              c:/dev/arm/toolchain/bin/../lib/gcc/arm-none-eabi/5.2.1/../../../../arm-none-eabi/lib/armv7-m\libg.a(lib_a-exit.o) (_global_impure_ptr)
c:/dev/arm/toolchain/bin/../lib/gcc/arm-none-eabi/5.2.1/../../../../arm-none-eabi/lib/armv7-m\libg.a(lib_a-init.o)
                              c:/dev/arm/toolchain/bin/../lib/gcc/arm-none-eabi/5.2.1/../../../../arm-none-eabi/lib/armv7-m/crt0.o (__libc_init_array)
c:/dev/arm/toolchain/bin/../lib/gcc/arm-none-eabi/5.2.1/../../../../arm-none-eabi/lib/armv7-m\libg.a(lib_a-memcpy.o)
                              c:/dev/arm/toolchain/bin/../lib/gcc/arm-none-eabi/5.2.1/armv7-m\libgcc.a(unwind-arm.o) (memcpy)
c:/dev/arm/toolchain/bin/../lib/gcc/arm-none-eabi/5.2.1/../../../../arm-none-eabi/lib/armv7-m\libg.a(lib_a-memset.o)
                              c:/dev/arm/toolchain/bin/../lib/gcc/arm-none-eabi/5.2.1/../../../../arm-none-eabi/lib/armv7-m/crt0.o (memset)
c:/dev/arm/toolchain/bin/../lib/gcc/arm-none-eabi/5.2.1/../../../../arm-none-eabi/lib/armv7-m\libg.a(lib_a-printf.o)
                              src\config.o (printf)
c:/dev/arm/toolchain/bin/../lib/gcc/arm-none-eabi/5.2.1/../../../../arm-none-eabi/lib/armv7-m\libg.a(lib_a-putchar.o)
                              src\maze.o (putchar)
c:/dev/arm/toolchain/bin/../lib/gcc/arm-none-eabi/5.2.1/../../../../arm-none-eabi/lib/armv7-m\libg.a(lib_a-puts.o)
                              src\maze.o (puts)
c:/dev/arm/toolchain/bin/../lib/gcc/arm-none-eabi/5.2.1/../../../../arm-none-eabi/lib/armv7-m\libg.a(lib_a-reent.o)
                              src\syscall.o (errno)
c:/dev/arm/toolchain/bin/../lib/gcc/arm-none-eabi/5.2.1/../../../../arm-none-eabi/lib/armv7-m\libg.a(lib_a-signal.o)
                              c:/dev/arm/toolchain/bin/../lib/gcc/arm-none-eabi/5.2.1/../../../../arm-none-eabi/lib/armv7-m\libg.a(lib_a-abort.o) (raise)
c:/dev/arm/toolchain/bin/../lib/gcc/arm-none-eabi/5.2.1/../../../../arm-none-eabi/lib/armv7-m\libg.a(lib_a-signalr.o)
                              c:/dev/arm/toolchain/bin/../lib/gcc/arm-none-eabi/5.2.1/../../../../arm-none-eabi/lib/armv7-m\libg.a(lib_a-signal.o) (_kill_r)
c:/dev/arm/toolchain/bin/../lib/gcc/arm-none-eabi/5.2.1/../../../../arm-none-eabi/lib/armv7-m\libg.a(lib_a-strlen-stub.o)
                              c:/dev/arm/toolchain/bin/../lib/gcc/arm-none-eabi/5.2.1/../../../../arm-none-eabi/lib/armv7-m\libg.a(lib_a-puts.o) (strlen)
c:/dev/arm/toolchain/bin/../lib/gcc/arm-none-eabi/5.2.1/../../../../arm-none-eabi/lib/armv7-m\libg.a(lib_a-syswrite.o)
                              src\syscall.o (write)
[...]
Memory Configuration

Name             Origin             Length             Attributes
FLASH            0x08000000         0x00080000         xr
RAM              0x20000000         0x00010000         xrw
MEMORY_B1        0x60000000         0x00000000         xr
*default*        0x00000000         0xffffffff

Linker script and memory map

LOAD c:/dev/arm/toolchain/bin/../lib/gcc/arm-none-eabi/5.2.1/armv7-m/crti.o
LOAD c:/dev/arm/toolchain/bin/../lib/gcc/arm-none-eabi/5.2.1/armv7-m/crtbegin.o
LOAD c:/dev/arm/toolchain/bin/../lib/gcc/arm-none-eabi/5.2.1/../../../../arm-none-eabi/lib/armv7-m/crt0.o
LOAD Libraries\STM32F10x_StdPeriph_Driver\src\misc.o
LOAD Libraries\STM32F10x_StdPeriph_Driver\src\stm32f10x_adc.o
LOAD Libraries\STM32F10x_StdPeriph_Driver\src\stm32f10x_bkp.o
LOAD Libraries\STM32F10x_StdPeriph_Driver\src\stm32f10x_can.o
LOAD Libraries\STM32F10x_StdPeriph_Driver\src\stm32f10x_cec.o
LOAD Libraries\STM32F10x_StdPeriph_Driver\src\stm32f10x_crc.o
LOAD Libraries\STM32F10x_StdPeriph_Driver\src\stm32f10x_dac.o
LOAD Libraries\STM32F10x_StdPeriph_Driver\src\stm32f10x_dbgmcu.o
LOAD Libraries\STM32F10x_StdPeriph_Driver\src\stm32f10x_dma.o
LOAD Libraries\STM32F10x_StdPeriph_Driver\src\stm32f10x_exti.o
LOAD Libraries\STM32F10x_StdPeriph_Driver\src\stm32f10x_flash.o
LOAD Libraries\STM32F10x_StdPeriph_Driver\src\stm32f10x_fsmc.o
LOAD Libraries\STM32F10x_StdPeriph_Driver\src\stm32f10x_gpio.o
LOAD Libraries\STM32F10x_StdPeriph_Driver\src\stm32f10x_i2c.o
LOAD Libraries\STM32F10x_StdPeriph_Driver\src\stm32f10x_iwdg.o
LOAD Libraries\STM32F10x_StdPeriph_Driver\src\stm32f10x_pwr.o
LOAD Libraries\STM32F10x_StdPeriph_Driver\src\stm32f10x_rcc.o
LOAD Libraries\STM32F10x_StdPeriph_Driver\src\stm32f10x_rtc.o
LOAD Libraries\STM32F10x_StdPeriph_Driver\src\stm32f10x_sdio.o
LOAD Libraries\STM32F10x_StdPeriph_Driver\src\stm32f10x_spi.o
LOAD Libraries\STM32F10x_StdPeriph_Driver\src\stm32f10x_tim.o
LOAD Libraries\STM32F10x_StdPeriph_Driver\src\stm32f10x_usart.o
LOAD Libraries\STM32F10x_StdPeriph_Driver\src\stm32f10x_wwdg.o
LOAD src\config.o
LOAD src\flash.o
LOAD src\global_var.o
LOAD src\irq.o
LOAD src\lcd.o
LOAD src\main.o
LOAD src\maze.o
LOAD src\mode.o
LOAD src\moter.o
LOAD src\startup.o
LOAD src\startup_stm32f10x_hd.o
LOAD src\stm32f10x_it.o
LOAD src\syscall.o
LOAD src\system_stm32f10x.o
LOAD c:/dev/arm/toolchain/bin/../lib/gcc/arm-none-eabi/5.2.1/../../../../arm-none-eabi/lib/armv7-m\libstdc++.a
LOAD c:/dev/arm/toolchain/bin/../lib/gcc/arm-none-eabi/5.2.1/../../../../arm-none-eabi/lib/armv7-m\libm.a
START GROUP
LOAD c:/dev/arm/toolchain/bin/../lib/gcc/arm-none-eabi/5.2.1/armv7-m\libgcc.a
LOAD c:/dev/arm/toolchain/bin/../lib/gcc/arm-none-eabi/5.2.1/../../../../arm-none-eabi/lib/armv7-m\libg.a
LOAD c:/dev/arm/toolchain/bin/../lib/gcc/arm-none-eabi/5.2.1/../../../../arm-none-eabi/lib/armv7-m\libc.a
END GROUP
LOAD c:/dev/arm/toolchain/bin/../lib/gcc/arm-none-eabi/5.2.1/armv7-m/crtend.o
LOAD c:/dev/arm/toolchain/bin/../lib/gcc/arm-none-eabi/5.2.1/armv7-m/crtn.o
                0x20010000                _estack = 0x20010000
                0x00000000                _Min_Heap_Size = 0x0
                0x00000200                _Min_Stack_Size = 0x200

.isr_vector     0x08000000      0x1e4
                0x08000000                . = ALIGN (0x4)
 *(.isr_vector)
 .isr_vector    0x08000000      0x1e4 src\startup_stm32f10x_hd.o
                0x08000000                g_pfnVectors
                0x080001e4                . = ALIGN (0x4)

.text           0x080001e8     0xe8b4
                0x080001e8                . = ALIGN (0x4)
 *(.text)
 .text          0x080001e8       0xa4 c:/dev/arm/toolchain/bin/../lib/gcc/arm-none-eabi/5.2.1/armv7-m/crtbegin.o
 .text          0x0800028c      0x370 c:/dev/arm/toolchain/bin/../lib/gcc/arm-none-eabi/5.2.1/armv7-m\libgcc.a(_arm_addsubdf3.o)
                0x0800028c                __aeabi_drsub
                0x08000294                __aeabi_dsub
                0x08000294                __subdf3
                0x08000298                __aeabi_dadd
                0x08000298                __adddf3
                0x08000510                __floatunsidf
                0x08000510                __aeabi_ui2d
                0x08000530                __floatsidf
                0x08000530                __aeabi_i2d
                0x08000554                __aeabi_f2d
                0x08000554                __extendsfdf2
                0x08000590                __floatundidf
                0x08000590                __aeabi_ul2d
                0x080005a0                __floatdidf
                0x080005a0                __aeabi_l2d
 .text          0x080005fc      0x424 c:/dev/arm/toolchain/bin/../lib/gcc/arm-none-eabi/5.2.1/armv7-m\libgcc.a(_arm_muldivdf3.o)
                0x080005fc                __aeabi_dmul
                0x080005fc                __muldf3
                0x08000850                __divdf3
                0x08000850                __aeabi_ddiv
 .text          0x08000a20       0x50 c:/dev/arm/toolchain/bin/../lib/gcc/arm-none-eabi/5.2.1/armv7-m\libgcc.a(_arm_fixdfsi.o)
                0x08000a20                __aeabi_d2iz
                0x08000a20                __fixdfsi
 .text          0x08000a70       0xa0 c:/dev/arm/toolchain/bin/../lib/gcc/arm-none-eabi/5.2.1/armv7-m\libgcc.a(_arm_truncdfsf2.o)
                0x08000a70                __truncdfsf2
                0x08000a70                __aeabi_d2f
 .text          0x08000b10      0x21c c:/dev/arm/toolchain/bin/../lib/gcc/arm-none-eabi/5.2.1/armv7-m\libgcc.a(_arm_addsubsf3.o)
                0x08000b10                __aeabi_frsub
                0x08000b18                __subsf3
                0x08000b18                __aeabi_fsub
                0x08000b1c                __aeabi_fadd
                0x08000b1c                __addsf3
                0x08000c7c                __aeabi_ui2f
                0x08000c7c                __floatunsisf
                0x08000c84                __aeabi_i2f
                0x08000c84                __floatsisf
                0x08000ca0                __aeabi_ul2f
                0x08000ca0                __floatundisf
                0x08000cb0                __aeabi_l2f
                0x08000cb0                __floatdisf
 .text          0x08000d2c      0x2a0 c:/dev/arm/toolchain/bin/../lib/gcc/arm-none-eabi/5.2.1/armv7-m\libgcc.a(_arm_muldivsf3.o)
                0x08000d2c                __mulsf3
                0x08000d2c                __aeabi_fmul
                0x08000e94                __aeabi_fdiv
                0x08000e94                __divsf3
 .text          0x08000fcc       0xec c:/dev/arm/toolchain/bin/../lib/gcc/arm-none-eabi/5.2.1/armv7-m\libgcc.a(_arm_cmpsf2.o)
                0x08000fcc                __gesf2
                0x08000fcc                __gtsf2
                0x08000fd4                __lesf2
                0x08000fd4                __ltsf2
                0x08000fdc                __nesf2
                0x08000fdc                __eqsf2
                0x08000fdc                __cmpsf2
                0x0800103c                __aeabi_cfrcmple
                0x08001044                __aeabi_cfcmpeq
                0x08001044                __aeabi_cfcmple
                0x08001054                __aeabi_fcmpeq
                0x08001068                __aeabi_fcmplt
                0x0800107c                __aeabi_fcmple
                0x08001090                __aeabi_fcmpge
                0x080010a4                __aeabi_fcmpgt
 .text          0x080010b8       0x4c c:/dev/arm/toolchain/bin/../lib/gcc/arm-none-eabi/5.2.1/armv7-m\libgcc.a(_arm_fixsfsi.o)
                0x080010b8                __aeabi_f2iz
                0x080010b8                __fixsfsi
 .text          0x08001104      0x9e4 c:/dev/arm/toolchain/bin/../lib/gcc/arm-none-eabi/5.2.1/armv7-m\libgcc.a(unwind-arm.o)
                0x080013c4                _Unwind_GetCFA
                0x080013c8                __gnu_Unwind_RaiseException
                0x08001428                __gnu_Unwind_ForcedUnwind
                0x0800143c                __gnu_Unwind_Resume
                0x08001480                __gnu_Unwind_Resume_or_Rethrow
                0x08001494                _Unwind_Complete
                0x08001498                _Unwind_DeleteException
                0x080014a4                _Unwind_VRS_Get
                0x080014f0                _Unwind_VRS_Set
                0x08001540                __gnu_Unwind_Backtrace
                0x0800188c                __aeabi_unwind_cpp_pr0
                0x08001890                __aeabi_unwind_cpp_pr1
                0x08001894                __aeabi_unwind_cpp_pr2
                0x08001898                _Unwind_VRS_Pop
 .text          0x08001ae8      0x1ac c:/dev/arm/toolchain/bin/../lib/gcc/arm-none-eabi/5.2.1/armv7-m\libgcc.a(libunwind.o)
                0x08001ae8                __restore_core_regs
                0x08001ae8                restore_core_regs
                0x08001b00                __gnu_Unwind_Restore_VFP
                0x08001b08                __gnu_Unwind_Save_VFP
                0x08001b10                __gnu_Unwind_Restore_VFP_D
                0x08001b18                __gnu_Unwind_Save_VFP_D
                0x08001b20                __gnu_Unwind_Restore_VFP_D_16_to_31
                0x08001b28                __gnu_Unwind_Save_VFP_D_16_to_31
                0x08001b30                __gnu_Unwind_Restore_WMMXD
                0x08001b74                __gnu_Unwind_Save_WMMXD
                0x08001bb8                __gnu_Unwind_Restore_WMMXC
                0x08001bcc                __gnu_Unwind_Save_WMMXC
                0x08001be0                ___Unwind_RaiseException
                0x08001be0                _Unwind_RaiseException
                0x08001c04                _Unwind_Resume
                0x08001c04                ___Unwind_Resume
                0x08001c28                _Unwind_Resume_or_Rethrow
                0x08001c28                ___Unwind_Resume_or_Rethrow
                0x08001c4c                _Unwind_ForcedUnwind
                0x08001c4c                ___Unwind_ForcedUnwind
                0x08001c70                ___Unwind_Backtrace
                0x08001c70                _Unwind_Backtrace
 .text          0x08001c94      0x354 c:/dev/arm/toolchain/bin/../lib/gcc/arm-none-eabi/5.2.1/armv7-m\libgcc.a(pr-support.o)
                0x08001cec                __gnu_unwind_execute
                0x08001f90                __gnu_unwind_frame
                0x08001fb8                _Unwind_GetRegionStart
                0x08001fc4                _Unwind_GetLanguageSpecificData
                0x08001fd8                _Unwind_GetTextRelBase
                0x08001fe0                _Unwind_GetDataRelBase
 .text          0x08001fe8       0xec c:/dev/arm/toolchain/bin/../lib/gcc/arm-none-eabi/5.2.1/../../../../arm-none-eabi/lib/armv7-m\libg.a(lib_a-memcpy.o)
                0x08001fe8                memcpy
 .text          0x080020d4      0x110 c:/dev/arm/toolchain/bin/../lib/gcc/arm-none-eabi/5.2.1/armv7-m\libgcc.a(_arm_cmpdf2.o)
                0x080020d4                __gtdf2
                0x080020d4                __gedf2
                0x080020dc                __ltdf2
                0x080020dc                __ledf2
                0x080020e4                __nedf2
                0x080020e4                __eqdf2
                0x080020e4                __cmpdf2
                0x08002160                __aeabi_cdrcmple
                0x08002170                __aeabi_cdcmpeq
                0x08002170                __aeabi_cdcmple
                0x08002180                __aeabi_dcmpeq
                0x08002194                __aeabi_dcmplt
                0x080021a8                __aeabi_dcmple
                0x080021bc                __aeabi_dcmpge
                0x080021d0                __aeabi_dcmpgt
 .text          0x080021e4       0x30 c:/dev/arm/toolchain/bin/../lib/gcc/arm-none-eabi/5.2.1/armv7-m\libgcc.a(_aeabi_uldivmod.o)
                0x080021e4                __aeabi_uldivmod
 .text          0x08002214      0x2ec c:/dev/arm/toolchain/bin/../lib/gcc/arm-none-eabi/5.2.1/armv7-m\libgcc.a(_udivmoddi4.o)
                0x08002214                __udivmoddi4
 .text          0x08002500        0x4 c:/dev/arm/toolchain/bin/../lib/gcc/arm-none-eabi/5.2.1/armv7-m\libgcc.a(_dvmd_tls.o)
                0x08002500                __aeabi_idiv0
                0x08002500                __aeabi_ldiv0
 *(.text*)
 .text.NVIC_Init
                0x08002504       0xc4 Libraries\STM32F10x_StdPeriph_Driver\src\misc.o
                0x08002504                NVIC_Init
 .text.NVIC_SetVectorTable
                0x080025c8       0x2c Libraries\STM32F10x_StdPeriph_Driver\src\misc.o
                0x080025c8                NVIC_SetVectorTable
 .text.ADC_DeInit
                0x080025f4       0x74 Libraries\STM32F10x_StdPeriph_Driver\src\stm32f10x_adc.o
                0x080025f4                ADC_DeInit
 .text.ADC_Init
                0x08002668       0xa4 Libraries\STM32F10x_StdPeriph_Driver\src\stm32f10x_adc.o
                0x08002668                ADC_Init
 .text.ADC_Cmd  0x0800270c       0x38 Libraries\STM32F10x_StdPeriph_Driver\src\stm32f10x_adc.o
                0x0800270c                ADC_Cmd
 .text.ADC_ResetCalibration
                0x08002744       0x20 Libraries\STM32F10x_StdPeriph_Driver\src\stm32f10x_adc.o
                0x08002744                ADC_ResetCalibration
 .text.ADC_GetResetCalibrationStatus
                0x08002764       0x30 Libraries\STM32F10x_StdPeriph_Driver\src\stm32f10x_adc.o
                0x08002764                ADC_GetResetCalibrationStatus
 .text.ADC_StartCalibration
                0x08002794       0x20 Libraries\STM32F10x_StdPeriph_Driver\src\stm32f10x_adc.o
                0x08002794                ADC_StartCalibration
 .text.ADC_GetCalibrationStatus
                0x080027b4       0x30 Libraries\STM32F10x_StdPeriph_Driver\src\stm32f10x_adc.o
                0x080027b4                ADC_GetCalibrationStatus
 .text.ADC_SoftwareStartConvCmd
                0x080027e4       0x38 Libraries\STM32F10x_StdPeriph_Driver\src\stm32f10x_adc.o
                0x080027e4                ADC_SoftwareStartConvCmd
 .text.ADC_RegularChannelConfig
                0x0800281c      0x194 Libraries\STM32F10x_StdPeriph_Driver\src\stm32f10x_adc.o
                0x0800281c                ADC_RegularChannelConfig
 .text.ADC_GetConversionValue
                0x080029b0       0x18 Libraries\STM32F10x_StdPeriph_Driver\src\stm32f10x_adc.o
                0x080029b0                ADC_GetConversionValue
 .text.ADC_GetFlagStatus
                0x080029c8       0x34 Libraries\STM32F10x_StdPeriph_Driver\src\stm32f10x_adc.o
                0x080029c8                ADC_GetFlagStatus
 .text.DMA_Init
                0x080029fc       0x7c Libraries\STM32F10x_StdPeriph_Driver\src\stm32f10x_dma.o
                0x080029fc                DMA_Init
 .text.DMA_StructInit
                0x08002a78       0x54 Libraries\STM32F10x_StdPeriph_Driver\src\stm32f10x_dma.o
                0x08002a78                DMA_StructInit
 .text.DMA_Cmd  0x08002acc       0x38 Libraries\STM32F10x_StdPeriph_Driver\src\stm32f10x_dma.o
                0x08002acc                DMA_Cmd
 .text.DMA_GetCurrDataCounter
                0x08002b04       0x18 Libraries\STM32F10x_StdPeriph_Driver\src\stm32f10x_dma.o
                0x08002b04                DMA_GetCurrDataCounter
 .text.FLASH_SetLatency
                0x08002b1c       0x38 Libraries\STM32F10x_StdPeriph_Driver\src\stm32f10x_flash.o
                0x08002b1c                FLASH_SetLatency
 .text.FLASH_PrefetchBufferCmd
                0x08002b54       0x30 Libraries\STM32F10x_StdPeriph_Driver\src\stm32f10x_flash.o
                0x08002b54                FLASH_PrefetchBufferCmd
 .text.FLASH_Unlock
                0x08002b84       0x24 Libraries\STM32F10x_StdPeriph_Driver\src\stm32f10x_flash.o
                0x08002b84                FLASH_Unlock
 .text.FLASH_ErasePage
                0x08002ba8       0x64 Libraries\STM32F10x_StdPeriph_Driver\src\stm32f10x_flash.o
                0x08002ba8                FLASH_ErasePage
 .text.FLASH_ProgramWord
                0x08002c0c       0x94 Libraries\STM32F10x_StdPeriph_Driver\src\stm32f10x_flash.o
                0x08002c0c                FLASH_ProgramWord
 .text.FLASH_ClearFlag
                0x08002ca0       0x1c Libraries\STM32F10x_StdPeriph_Driver\src\stm32f10x_flash.o
                0x08002ca0                FLASH_ClearFlag
 .text.FLASH_GetBank1Status
                0x08002cbc       0x54 Libraries\STM32F10x_StdPeriph_Driver\src\stm32f10x_flash.o
                0x08002cbc                FLASH_GetBank1Status
 .text.FLASH_WaitForLastOperation
                0x08002d10       0x44 Libraries\STM32F10x_StdPeriph_Driver\src\stm32f10x_flash.o
                0x08002d10                FLASH_WaitForLastOperation
 .text.GPIO_Init
                0x08002d54      0x178 Libraries\STM32F10x_StdPeriph_Driver\src\stm32f10x_gpio.o
                0x08002d54                GPIO_Init
 .text.GPIO_StructInit
                0x08002ecc       0x28 Libraries\STM32F10x_StdPeriph_Driver\src\stm32f10x_gpio.o
                0x08002ecc                GPIO_StructInit
 .text.GPIO_ReadInputDataBit
                0x08002ef4       0x34 Libraries\STM32F10x_StdPeriph_Driver\src\stm32f10x_gpio.o
                0x08002ef4                GPIO_ReadInputDataBit
 .text.GPIO_SetBits
                0x08002f28       0x1c Libraries\STM32F10x_StdPeriph_Driver\src\stm32f10x_gpio.o
                0x08002f28                GPIO_SetBits
 .text.GPIO_ResetBits
                0x08002f44       0x1c Libraries\STM32F10x_StdPeriph_Driver\src\stm32f10x_gpio.o
                0x08002f44                GPIO_ResetBits
 .text.RCC_DeInit
                0x08002f60       0x5c Libraries\STM32F10x_StdPeriph_Driver\src\stm32f10x_rcc.o
                0x08002f60                RCC_DeInit
 .text.RCC_AdjustHSICalibrationValue
                0x08002fbc       0x3c Libraries\STM32F10x_StdPeriph_Driver\src\stm32f10x_rcc.o
                0x08002fbc                RCC_AdjustHSICalibrationValue
 .text.RCC_PLLConfig
                0x08002ff8       0x3c Libraries\STM32F10x_StdPeriph_Driver\src\stm32f10x_rcc.o
                0x08002ff8                RCC_PLLConfig
 .text.RCC_PLLCmd
                0x08003034       0x20 Libraries\STM32F10x_StdPeriph_Driver\src\stm32f10x_rcc.o
                0x08003034                RCC_PLLCmd
 .text.RCC_SYSCLKConfig
                0x08003054       0x38 Libraries\STM32F10x_StdPeriph_Driver\src\stm32f10x_rcc.o
                0x08003054                RCC_SYSCLKConfig
 .text.RCC_GetSYSCLKSource
                0x0800308c       0x1c Libraries\STM32F10x_StdPeriph_Driver\src\stm32f10x_rcc.o
                0x0800308c                RCC_GetSYSCLKSource
 .text.RCC_HCLKConfig
                0x080030a8       0x38 Libraries\STM32F10x_StdPeriph_Driver\src\stm32f10x_rcc.o
                0x080030a8                RCC_HCLKConfig
 .text.RCC_PCLK1Config
                0x080030e0       0x38 Libraries\STM32F10x_StdPeriph_Driver\src\stm32f10x_rcc.o
                0x080030e0                RCC_PCLK1Config
 .text.RCC_PCLK2Config
                0x08003118       0x38 Libraries\STM32F10x_StdPeriph_Driver\src\stm32f10x_rcc.o
                0x08003118                RCC_PCLK2Config
 .text.RCC_ADCCLKConfig
                0x08003150       0x38 Libraries\STM32F10x_StdPeriph_Driver\src\stm32f10x_rcc.o
                0x08003150                RCC_ADCCLKConfig
 .text.RCC_GetClocksFreq
                0x08003188      0x160 Libraries\STM32F10x_StdPeriph_Driver\src\stm32f10x_rcc.o
                0x08003188                RCC_GetClocksFreq
 .text.RCC_AHBPeriphClockCmd
                0x080032e8       0x3c Libraries\STM32F10x_StdPeriph_Driver\src\stm32f10x_rcc.o
                0x080032e8                RCC_AHBPeriphClockCmd
 .text.RCC_APB2PeriphClockCmd
                0x08003324       0x3c Libraries\STM32F10x_StdPeriph_Driver\src\stm32f10x_rcc.o
                0x08003324                RCC_APB2PeriphClockCmd
 .text.RCC_APB1PeriphClockCmd
                0x08003360       0x3c Libraries\STM32F10x_StdPeriph_Driver\src\stm32f10x_rcc.o
                0x08003360                RCC_APB1PeriphClockCmd
 .text.RCC_APB2PeriphResetCmd
                0x0800339c       0x3c Libraries\STM32F10x_StdPeriph_Driver\src\stm32f10x_rcc.o
                0x0800339c                RCC_APB2PeriphResetCmd
 .text.RCC_GetFlagStatus
                0x080033d8       0x74 Libraries\STM32F10x_StdPeriph_Driver\src\stm32f10x_rcc.o
                0x080033d8                RCC_GetFlagStatus
 .text.TIM_TimeBaseInit
                0x0800344c       0xf8 Libraries\STM32F10x_StdPeriph_Driver\src\stm32f10x_tim.o
                0x0800344c                TIM_TimeBaseInit
 .text.TIM_OC1Init
                0x08003544      0x118 Libraries\STM32F10x_StdPeriph_Driver\src\stm32f10x_tim.o
                0x08003544                TIM_OC1Init
 .text.TIM_OC3Init
                0x0800365c      0x10c Libraries\STM32F10x_StdPeriph_Driver\src\stm32f10x_tim.o
                0x0800365c                TIM_OC3Init
 .text.TIM_OC4Init
                0x08003768       0xd0 Libraries\STM32F10x_StdPeriph_Driver\src\stm32f10x_tim.o
                0x08003768                TIM_OC4Init
 .text.TIM_Cmd  0x08003838       0x40 Libraries\STM32F10x_StdPeriph_Driver\src\stm32f10x_tim.o
                0x08003838                TIM_Cmd
 .text.TIM_CtrlPWMOutputs
                0x08003878       0x4c Libraries\STM32F10x_StdPeriph_Driver\src\stm32f10x_tim.o
                0x08003878                TIM_CtrlPWMOutputs
 .text.TIM_ITConfig
                0x080038c4       0x48 Libraries\STM32F10x_StdPeriph_Driver\src\stm32f10x_tim.o
                0x080038c4                TIM_ITConfig
 .text.TIM_PrescalerConfig
                0x0800390c       0x28 Libraries\STM32F10x_StdPeriph_Driver\src\stm32f10x_tim.o
                0x0800390c                TIM_PrescalerConfig
 .text.TIM_OC1PreloadConfig
                0x08003934       0x38 Libraries\STM32F10x_StdPeriph_Driver\src\stm32f10x_tim.o
                0x08003934                TIM_OC1PreloadConfig
 .text.TIM_OC3PreloadConfig
                0x0800396c       0x38 Libraries\STM32F10x_StdPeriph_Driver\src\stm32f10x_tim.o
                0x0800396c                TIM_OC3PreloadConfig
 .text.TIM_SetAutoreload
                0x080039a4       0x1c Libraries\STM32F10x_StdPeriph_Driver\src\stm32f10x_tim.o
                0x080039a4                TIM_SetAutoreload
 .text.TIM_SetCompare4
                0x080039c0       0x20 Libraries\STM32F10x_StdPeriph_Driver\src\stm32f10x_tim.o
                0x080039c0                TIM_SetCompare4
 .text.TIM_GetITStatus
                0x080039e0       0x54 Libraries\STM32F10x_StdPeriph_Driver\src\stm32f10x_tim.o
                0x080039e0                TIM_GetITStatus
 .text.TIM_ClearITPendingBit
                0x08003a34       0x20 Libraries\STM32F10x_StdPeriph_Driver\src\stm32f10x_tim.o
                0x08003a34                TIM_ClearITPendingBit
 .text.USART_Init
                0x08003a54      0x178 Libraries\STM32F10x_StdPeriph_Driver\src\stm32f10x_usart.o
                0x08003a54                USART_Init
 .text.USART_StructInit
                0x08003bcc       0x38 Libraries\STM32F10x_StdPeriph_Driver\src\stm32f10x_usart.o
                0x08003bcc                USART_StructInit
 .text.USART_Cmd
                0x08003c04       0x40 Libraries\STM32F10x_StdPeriph_Driver\src\stm32f10x_usart.o
                0x08003c04                USART_Cmd
 .text.USART_DMACmd
                0x08003c44       0x48 Libraries\STM32F10x_StdPeriph_Driver\src\stm32f10x_usart.o
                0x08003c44                USART_DMACmd
 .text.RCC_config
                0x08003c8c       0x70 src\config.o
                0x08003c8c                RCC_config
 .text.USART_Config
                0x08003cfc       0x10 src\config.o
                0x08003cfc                USART_Config
 .text.init_vector_table_offset
                0x08003d0c       0x14 src\config.o
                0x08003d0c                init_vector_table_offset
 .text.USART1_DMAC_config
                0x08003d20      0x174 src\config.o
                0x08003d20                USART1_DMAC_config
 .text.outbyte  0x08003e94       0xe8 src\config.o
                0x08003e94                outbyte
 .text.inkey    0x08003f7c       0x60 src\config.o
                0x08003f7c                inkey
 .text.inbyte   0x08003fdc       0x28 src\config.o
                0x08003fdc                inbyte
 .text.LED_Init
                0x08004004       0x64 src\config.o
                0x08004004                LED_Init
 .text.LED_All_On
                0x08004068       0x34 src\config.o
                0x08004068                LED_All_On
 .text.LED_All_Off
                0x0800409c       0x34 src\config.o
                0x0800409c                LED_All_Off
 .text.LED_Controll
                0x080040d0       0x90 src\config.o
                0x080040d0                LED_Controll
 .text.SW_Init  0x08004160       0x54 src\config.o
                0x08004160                SW_Init
 .text.BUZZER_Init
                0x080041b4       0x88 src\config.o
                0x080041b4                BUZZER_Init
 .text.BUZZER_ENABLE
                0x0800423c       0x14 src\config.o
                0x0800423c                BUZZER_ENABLE
 .text.BUZZER_DISABLE
                0x08004250       0x14 src\config.o
                0x08004250                BUZZER_DISABLE
 .text.BUZZER_Set_Freq
                0x08004264       0x40 src\config.o
                0x08004264                BUZZER_Set_Freq
 .text.BUZZER_Startup
                0x080042a4       0x2c src\config.o
                0x080042a4                BUZZER_Startup
 .text.BATTERY_Init
                0x080042d0       0x90 src\config.o
                0x080042d0                BATTERY_Init
 .text.BATTERY_Show
                0x08004360      0x138 src\config.o
                0x08004360                BATTERY_Show
 .text.MOTER_DRIVER_Init
                0x08004498       0x7c src\config.o
                0x08004498                MOTER_DRIVER_Init
 .text.MOTER_DRIVER_ENABLE
                0x08004514       0x14 src\config.o
                0x08004514                MOTER_DRIVER_ENABLE
 .text.MOTER_DRIVER_DISABLE
                0x08004528       0x14 src\config.o
                0x08004528                MOTER_DRIVER_DISABLE
 .text.MOTER_DRIVER_Forward
                0x0800453c       0x20 src\config.o
                0x0800453c                MOTER_DRIVER_Forward
 .text.MOTER_DRIVER_Back
                0x0800455c       0x20 src\config.o
                0x0800455c                MOTER_DRIVER_Back
 .text.MOTER_DRIVER_Left
                0x0800457c       0x20 src\config.o
                0x0800457c                MOTER_DRIVER_Left
 .text.MOTER_DRIVER_Right
                0x0800459c       0x20 src\config.o
                0x0800459c                MOTER_DRIVER_Right
 .text.MOTER_DRIVER_IRQ_Config
                0x080045bc       0xd0 src\config.o
                0x080045bc                MOTER_DRIVER_IRQ_Config
 .text.MOTER_DRIVER_PWM_ENABLE
                0x0800468c       0x20 src\config.o
                0x0800468c                MOTER_DRIVER_PWM_ENABLE
 .text.MOTER_DRIVER_PWM_DISABLE
                0x080046ac       0x20 src\config.o
                0x080046ac                MOTER_DRIVER_PWM_DISABLE
 .text.MOTER_DRIVER_Set_Freq_Left
                0x080046cc       0x24 src\config.o
                0x080046cc                MOTER_DRIVER_Set_Freq_Left
 .text.MOTER_DRIVER_Set_Freq_Right
                0x080046f0       0x28 src\config.o
                0x080046f0                MOTER_DRIVER_Set_Freq_Right
 .text.WALL_LED_Init
                0x08004718       0x60 src\config.o
                0x08004718                WALL_LED_Init
 .text.WALL_LED_All_Off
                0x08004778       0x30 src\config.o
                0x08004778                WALL_LED_All_Off
 .text.WALL_LED_Controll
                0x080047a8       0x8c src\config.o
                0x080047a8                WALL_LED_Controll
 .text.WALL_PT_Init
                0x08004834       0xc0 src\config.o
                0x08004834                WALL_PT_Init
 .text.WALL_PT_Get
                0x080048f4      0x2d8 src\config.o
                0x080048f4                WALL_PT_Get
 .text.IRQ_TIMER_Config
                0x08004bcc       0x84 src\config.o
                0x08004bcc                IRQ_TIMER_Config
 .text.NVIC_Config
                0x08004c50       0x58 src\config.o
                0x08004c50                NVIC_Config
 .text.delay_us
                0x08004ca8       0x58 src\config.o
                0x08004ca8                delay_us
 .text.delay_ms
                0x08004d00       0x50 src\config.o
                0x08004d00                delay_ms
 .text.Get_ADC1
                0x08004d50       0x44 src\config.o
                0x08004d50                Get_ADC1
 .text.Init_All
                0x08004d94       0x88 src\config.o
                0x08004d94                Init_All
 .text.FLASH_Erase
                0x08004e1c       0x4c src\flash.o
                0x08004e1c                FLASH_Erase
 .text.FLASH_Write
                0x08004e68       0xa4 src\flash.o
                0x08004e68                FLASH_Write
 .text.FLASH_Read
                0x08004f0c       0x78 src\flash.o
                0x08004f0c                FLASH_Read
 .text.FLASH_Write_Def_Maze
                0x08004f84       0x6c src\flash.o
                0x08004f84                FLASH_Write_Def_Maze
 .text.FLASH_Read_Def_Maze
                0x08004ff0       0x44 src\flash.o
                0x08004ff0                FLASH_Read_Def_Maze
 .text.FLASH_Write_Def_Sensor
                0x08005034       0xa4 src\flash.o
                0x08005034                FLASH_Write_Def_Sensor
 .text.FLASH_Read_Def_Sensor
                0x080050d8       0x7c src\flash.o
                0x080050d8                FLASH_Read_Def_Sensor
 .text.FLASH_Read_Maze_Wall
                0x08005154      0x114 src\flash.o
                0x08005154                FLASH_Read_Maze_Wall
 .text.TIM4_IRQHandler
                0x08005268      0x110 src\irq.o
                0x08005268                TIM4_IRQHandler
 .text.TIM2_IRQHandler
                0x08005378       0x64 src\irq.o
                0x08005378                TIM2_IRQHandler
 .text.TIM3_IRQHandler
                0x080053dc       0x64 src\irq.o
                0x080053dc                TIM3_IRQHandler
 .text.LCD_Init
                0x08005440       0x78 src\lcd.o
                0x08005440                LCD_Init
 .text.LCD_Write_Core
                0x080054b8      0x1b0 src\lcd.o
                0x080054b8                LCD_Write_Core
 .text.LCD_Write_Init_Inst
                0x08005668       0x24 src\lcd.o
                0x08005668                LCD_Write_Init_Inst
 .text.LCD_Write_Inst
                0x0800568c       0x34 src\lcd.o
                0x0800568c                LCD_Write_Inst
 .text.LCD_Write_Data
                0x080056c0       0x34 src\lcd.o
                0x080056c0                LCD_Write_Data
 .text.LCD_Read_Core
                0x080056f4       0x94 src\lcd.o
                0x080056f4                LCD_Read_Core
 .text.LCD_GPIO_ReadInputData
                0x08005788       0xb0 src\lcd.o
                0x08005788                LCD_GPIO_ReadInputData
 .text.LCD_Read_Inst
                0x08005838       0x1c src\lcd.o
                0x08005838                LCD_Read_Inst
 .text.GPIO_Configuration
                0x08005854       0x34 src\lcd.o
                0x08005854                GPIO_Configuration
 .text.GPIO_Out_Configuration
                0x08005888       0x58 src\lcd.o
                0x08005888                GPIO_Out_Configuration
 .text.GPIO_In_Configuration
                0x080058e0       0x58 src\lcd.o
                0x080058e0                GPIO_In_Configuration
 .text.LCD_Config
                0x08005938       0x14 src\lcd.o
                0x08005938                LCD_Config
 .text.LCD_printf
                0x0800594c       0x8c src\lcd.o
                0x0800594c                LCD_printf
 .text.LCD_Clear
                0x080059d8       0xb0 src\lcd.o
                0x080059d8                LCD_Clear
 .text.LCD_printf1
                0x08005a88       0x48 src\lcd.o
                0x08005a88                LCD_printf1
 .text.LCD_printf2
                0x08005ad0       0x48 src\lcd.o
                0x08005ad0                LCD_printf2
 .text.LCD_Delay
                0x08005b18       0x34 src\lcd.o
                0x08005b18                LCD_Delay
 .text.main     0x08005b4c       0x18 src\main.o
                0x08005b4c                main
 .text.MAZE_Init_Wall
                0x08005b64      0x104 src\maze.o
                0x08005b64                MAZE_Init_Wall
 .text.MAZE_Create_Step
                0x08005c68      0x220 src\maze.o
                0x08005c68                MAZE_Create_Step
 .text.MAZE_Out_Wall
                0x08005e88      0x1b4 src\maze.o
                0x08005e88                MAZE_Out_Wall
 .text.MAZE_Set_Goal
                0x0800603c       0x38 src\maze.o
                0x0800603c                MAZE_Set_Goal
 .text.MAZE_Set_Wall
                0x08006074      0x19c src\maze.o
                0x08006074                MAZE_Set_Wall
 .text.MAZE_Update_Position
                0x08006210      0x1d0 src\maze.o
                0x08006210                MAZE_Update_Position
 .text.left_handed_method
                0x080063e0      0x12c src\maze.o
                0x080063e0                left_handed_method
 .text.adachi_method
                0x0800650c      0x13c src\maze.o
                0x0800650c                adachi_method
 .text.MAZE_Get_Next_Dir_Adachi
                0x08006648      0x588 src\maze.o
                0x08006648                MAZE_Get_Next_Dir_Adachi
 .text.FREE_Run
                0x08006bd0        0xc src\maze.o
                0x08006bd0                FREE_Run
 .text.MODE_Select
                0x08006bdc      0x1c8 src\mode.o
                0x08006bdc                MODE_Select
 .text.MODE_Run
                0x08006da4       0x74 src\mode.o
                0x08006da4                MODE_Run
 .text.MODE_Mouse
                0x08006e18      0x14c src\mode.o
                0x08006e18                MODE_Mouse
 .text.MODE_Sensor_Check
                0x08006f64      0x24c src\mode.o
                0x08006f64                MODE_Sensor_Check
 .text.MODE_Sensor_Setting
                0x080071b0      0x208 src\mode.o
                0x080071b0                MODE_Sensor_Setting
 .text.MODE_Maze_Setting
                0x080073b8      0x24c src\mode.o
                0x080073b8                MODE_Maze_Setting
 .text.MODE_Check_DIAMETER
                0x08007604       0x34 src\mode.o
                0x08007604                MODE_Check_DIAMETER
 .text.MODE_Check_TREAD
                0x08007638       0x14 src\mode.o
                0x08007638                MODE_Check_TREAD
 .text.MODE_Check_kp
                0x0800764c       0x20 src\mode.o
                0x0800764c                MODE_Check_kp
 .text.MODE_Mouse_Run
                0x0800766c      0x204 src\mode.o
                0x0800766c                MODE_Mouse_Run
 .text.MODE_My_Sample
                0x08007870       0x3c src\mode.o
                0x08007870                MODE_My_Sample
 .text.MODE_Circuit_Select
                0x080078ac      0x134 src\mode.o
                0x080078ac                MODE_Circuit_Select
 .text.MOTER_Straight
                0x080079e0      0x228 src\moter.o
                0x080079e0                MOTER_Straight
 .text.MOTER_Straight3
                0x08007c08      0x238 src\moter.o
                0x08007c08                MOTER_Straight3
 .text.MOTER_Turn
                0x08007e40      0x110 src\moter.o
                0x08007e40                MOTER_Turn
 .text.MOTER_Back
                0x08007f50      0x100 src\moter.o
                0x08007f50                MOTER_Back
 .text.MOTER_Calc_Control
                0x08008050      0x120 src\moter.o
                0x08008050                MOTER_Calc_Control
 .text.MOTER_Set_Param
                0x08008170      0x11c src\moter.o
                0x08008170                MOTER_Set_Param
 .text.Reset_Handler
                0x0800828c       0x50 src\startup_stm32f10x_hd.o
                0x0800828c                Reset_Handler
 .text.Default_Handler
                0x080082dc        0x2 src\startup_stm32f10x_hd.o
                0x080082dc                EXTI2_IRQHandler
                0x080082dc                TIM8_TRG_COM_IRQHandler
                0x080082dc                TIM8_CC_IRQHandler
                0x080082dc                TIM1_CC_IRQHandler
                0x080082dc                TIM6_IRQHandler
                0x080082dc                PVD_IRQHandler
                0x080082dc                SDIO_IRQHandler
                0x080082dc                EXTI3_IRQHandler
                0x080082dc                EXTI0_IRQHandler
                0x080082dc                I2C2_EV_IRQHandler
                0x080082dc                ADC1_2_IRQHandler
                0x080082dc                SPI1_IRQHandler
                0x080082dc                TAMPER_IRQHandler
                0x080082dc                TIM8_UP_IRQHandler
                0x080082dc                DMA2_Channel2_IRQHandler
                0x080082dc                DMA1_Channel4_IRQHandler
                0x080082dc                USART3_IRQHandler
                0x080082dc                RTC_IRQHandler
                0x080082dc                DMA1_Channel7_IRQHandler
                0x080082dc                CAN1_RX1_IRQHandler
                0x080082dc                UART5_IRQHandler
                0x080082dc                ADC3_IRQHandler
                0x080082dc                DMA2_Channel1_IRQHandler
                0x080082dc                I2C1_EV_IRQHandler
                0x080082dc                DMA1_Channel6_IRQHandler
                0x080082dc                UART4_IRQHandler
                0x080082dc                RCC_IRQHandler
                0x080082dc                TIM1_TRG_COM_IRQHandler
                0x080082dc                DMA1_Channel1_IRQHandler
                0x080082dc                Default_Handler
                0x080082dc                EXTI15_10_IRQHandler
                0x080082dc                TIM7_IRQHandler
                0x080082dc                TIM5_IRQHandler
                0x080082dc                EXTI9_5_IRQHandler
                0x080082dc                SPI2_IRQHandler
                0x080082dc                DMA1_Channel5_IRQHandler
                0x080082dc                EXTI4_IRQHandler
                0x080082dc                USB_LP_CAN1_RX0_IRQHandler
                0x080082dc                USB_HP_CAN1_TX_IRQHandler
                0x080082dc                DMA1_Channel3_IRQHandler
                0x080082dc                FSMC_IRQHandler
                0x080082dc                TIM1_UP_IRQHandler
                0x080082dc                WWDG_IRQHandler
                0x080082dc                TIM1_BRK_IRQHandler
                0x080082dc                EXTI1_IRQHandler
                0x080082dc                RTCAlarm_IRQHandler
                0x080082dc                DMA2_Channel4_5_IRQHandler
                0x080082dc                USART2_IRQHandler
                0x080082dc                I2C2_ER_IRQHandler
                0x080082dc                DMA1_Channel2_IRQHandler
                0x080082dc                TIM8_BRK_IRQHandler
                0x080082dc                CAN1_SCE_IRQHandler
                0x080082dc                FLASH_IRQHandler
                0x080082dc                USART1_IRQHandler
                0x080082dc                SPI3_IRQHandler
                0x080082dc                I2C1_ER_IRQHandler
                0x080082dc                USBWakeUp_IRQHandler
                0x080082dc                DMA2_Channel3_IRQHandler
 *fill*         0x080082de        0x2 
 .text.NMI_Handler
                0x080082e0        0xc src\stm32f10x_it.o
                0x080082e0                NMI_Handler
 .text.HardFault_Handler
                0x080082ec        0x8 src\stm32f10x_it.o
                0x080082ec                HardFault_Handler
 .text.MemManage_Handler
                0x080082f4        0x8 src\stm32f10x_it.o
                0x080082f4                MemManage_Handler
 .text.BusFault_Handler
                0x080082fc        0x8 src\stm32f10x_it.o
                0x080082fc                BusFault_Handler
 .text.UsageFault_Handler
                0x08008304        0x8 src\stm32f10x_it.o
                0x08008304                UsageFault_Handler
 .text.SVC_Handler
                0x0800830c        0xc src\stm32f10x_it.o
                0x0800830c                SVC_Handler
 .text.DebugMon_Handler
                0x08008318        0xc src\stm32f10x_it.o
                0x08008318                DebugMon_Handler
 .text.PendSV_Handler
                0x08008324        0xc src\stm32f10x_it.o
                0x08008324                PendSV_Handler
 .text.SysTick_Handler
                0x08008330        0xc src\stm32f10x_it.o
                0x08008330                SysTick_Handler
 .text._exit    0x0800833c        0xc src\syscall.o
                0x0800833c                _exit
 .text._close   0x08008348       0x18 src\syscall.o
                0x08008348                _close
 .text._fstat   0x08008360       0x20 src\syscall.o
                0x08008360                _fstat
 .text._getpid  0x08008380       0x10 src\syscall.o
                0x08008380                _getpid
 .text._isatty  0x08008390       0x14 src\syscall.o
                0x08008390                _isatty
 .text._kill    0x080083a4       0x24 src\syscall.o
                0x080083a4                _kill
 .text._lseek   0x080083c8       0x18 src\syscall.o
                0x080083c8                _lseek
 .text._read    0x080083e0       0x58 src\syscall.o
                0x080083e0                _read
 .text._sbrk    0x08008438       0x60 src\syscall.o
                0x08008438                _sbrk
 .text._write   0x08008498       0x48 src\syscall.o
                0x08008498                _write
 .text.SystemInit
                0x080084e0       0x68 src\system_stm32f10x.o
                0x080084e0                SystemInit
 .text.SystemCoreClockUpdate
                0x08008548       0xd8 src\system_stm32f10x.o
                0x08008548                SystemCoreClockUpdate
 .text.SetSysClock
                0x08008620        0xc src\system_stm32f10x.o
 .text.SetSysClockTo72
                0x0800862c      0x100 src\system_stm32f10x.o
 .text.abort    0x0800872c       0x10 c:/dev/arm/toolchain/bin/../lib/gcc/arm-none-eabi/5.2.1/../../../../arm-none-eabi/lib/armv7-m\libg.a(lib_a-abort.o)
                0x0800872c                abort
 .text.__libc_init_array
                0x0800873c       0x50 c:/dev/arm/toolchain/bin/../lib/gcc/arm-none-eabi/5.2.1/../../../../arm-none-eabi/lib/armv7-m\libg.a(lib_a-init.o)
                0x0800873c                __libc_init_array
 .text.memset   0x0800878c       0x9c c:/dev/arm/toolchain/bin/../lib/gcc/arm-none-eabi/5.2.1/../../../../arm-none-eabi/lib/armv7-m\libg.a(lib_a-memset.o)
                0x0800878c                memset
 .text.printf   0x08008828       0x28 c:/dev/arm/toolchain/bin/../lib/gcc/arm-none-eabi/5.2.1/../../../../arm-none-eabi/lib/armv7-m\libg.a(lib_a-printf.o)
                0x08008828                printf
 .text.putchar  0x08008850       0x10 c:/dev/arm/toolchain/bin/../lib/gcc/arm-none-eabi/5.2.1/../../../../arm-none-eabi/lib/armv7-m\libg.a(lib_a-putchar.o)
                0x08008850                putchar
 .text._puts_r  0x08008860       0x64 c:/dev/arm/toolchain/bin/../lib/gcc/arm-none-eabi/5.2.1/../../../../arm-none-eabi/lib/armv7-m\libg.a(lib_a-puts.o)
                0x08008860                _puts_r
 .text.puts     0x080088c4       0x10 c:/dev/arm/toolchain/bin/../lib/gcc/arm-none-eabi/5.2.1/../../../../arm-none-eabi/lib/armv7-m\libg.a(lib_a-puts.o)
                0x080088c4                puts
 .text._raise_r
                0x080088d4       0x58 c:/dev/arm/toolchain/bin/../lib/gcc/arm-none-eabi/5.2.1/../../../../arm-none-eabi/lib/armv7-m\libg.a(lib_a-signal.o)
                0x080088d4                _raise_r
 .text.raise    0x0800892c       0x10 c:/dev/arm/toolchain/bin/../lib/gcc/arm-none-eabi/5.2.1/../../../../arm-none-eabi/lib/armv7-m\libg.a(lib_a-signal.o)
                0x0800892c                raise
 .text._kill_r  0x0800893c       0x28 c:/dev/arm/toolchain/bin/../lib/gcc/arm-none-eabi/5.2.1/../../../../arm-none-eabi/lib/armv7-m\libg.a(lib_a-signalr.o)
                0x0800893c                _kill_r
 .text._getpid_r
                0x08008964        0x4 c:/dev/arm/toolchain/bin/../lib/gcc/arm-none-eabi/5.2.1/../../../../arm-none-eabi/lib/armv7-m\libg.a(lib_a-signalr.o)
                0x08008964                _getpid_r
 .text.strlen   0x08008968       0x5c c:/dev/arm/toolchain/bin/../lib/gcc/arm-none-eabi/5.2.1/../../../../arm-none-eabi/lib/armv7-m\libg.a(lib_a-strlen-stub.o)
                0x08008968                strlen
 .text.write    0x080089c4       0x18 c:/dev/arm/toolchain/bin/../lib/gcc/arm-none-eabi/5.2.1/../../../../arm-none-eabi/lib/armv7-m\libg.a(lib_a-syswrite.o)
                0x080089c4                write
 .text._vfprintf_r
                0x080089dc     0x1718 c:/dev/arm/toolchain/bin/../lib/gcc/arm-none-eabi/5.2.1/../../../../arm-none-eabi/lib/armv7-m\libg.a(lib_a-vfprintf.o)
                0x080089dc                _vfprintf_r
 .text.__sbprintf
                0x0800a0f4       0x6c c:/dev/arm/toolchain/bin/../lib/gcc/arm-none-eabi/5.2.1/../../../../arm-none-eabi/lib/armv7-m\libg.a(lib_a-vfprintf.o)
 .text._vsprintf_r
                0x0800a160       0x34 c:/dev/arm/toolchain/bin/../lib/gcc/arm-none-eabi/5.2.1/../../../../arm-none-eabi/lib/armv7-m\libg.a(lib_a-vsprintf.o)
                0x0800a160                _vsprintf_r
 .text.vsprintf
                0x0800a194       0x18 c:/dev/arm/toolchain/bin/../lib/gcc/arm-none-eabi/5.2.1/../../../../arm-none-eabi/lib/armv7-m\libg.a(lib_a-vsprintf.o)
                0x0800a194                vsprintf
 .text._write_r
                0x0800a1ac       0x2c c:/dev/arm/toolchain/bin/../lib/gcc/arm-none-eabi/5.2.1/../../../../arm-none-eabi/lib/armv7-m\libg.a(lib_a-writer.o)
                0x0800a1ac                _write_r
 .text.__swsetup_r
                0x0800a1d8       0xc4 c:/dev/arm/toolchain/bin/../lib/gcc/arm-none-eabi/5.2.1/../../../../arm-none-eabi/lib/armv7-m\libg.a(lib_a-wsetup.o)
                0x0800a1d8                __swsetup_r
 .text.startup.register_fini
                0x0800a29c       0x14 c:/dev/arm/toolchain/bin/../lib/gcc/arm-none-eabi/5.2.1/../../../../arm-none-eabi/lib/armv7-m\libg.a(lib_a-__call_atexit.o)
 .text.atexit   0x0800a2b0        0xc c:/dev/arm/toolchain/bin/../lib/gcc/arm-none-eabi/5.2.1/../../../../arm-none-eabi/lib/armv7-m\libg.a(lib_a-atexit.o)
                0x0800a2b0                atexit
 .text.quorem   0x0800a2bc      0x12c c:/dev/arm/toolchain/bin/../lib/gcc/arm-none-eabi/5.2.1/../../../../arm-none-eabi/lib/armv7-m\libg.a(lib_a-dtoa.o)
 .text._dtoa_r  0x0800a3e8      0xe4c c:/dev/arm/toolchain/bin/../lib/gcc/arm-none-eabi/5.2.1/../../../../arm-none-eabi/lib/armv7-m\libg.a(lib_a-dtoa.o)
                0x0800a3e8                _dtoa_r
 .text.__sflush_r
                0x0800b234      0x148 c:/dev/arm/toolchain/bin/../lib/gcc/arm-none-eabi/5.2.1/../../../../arm-none-eabi/lib/armv7-m\libg.a(lib_a-fflush.o)
                0x0800b234                __sflush_r
 .text._fflush_r
                0x0800b37c       0x2c c:/dev/arm/toolchain/bin/../lib/gcc/arm-none-eabi/5.2.1/../../../../arm-none-eabi/lib/armv7-m\libg.a(lib_a-fflush.o)
                0x0800b37c                _fflush_r
 .text._cleanup_r
                0x0800b3a8        0xc c:/dev/arm/toolchain/bin/../lib/gcc/arm-none-eabi/5.2.1/../../../../arm-none-eabi/lib/armv7-m\libg.a(lib_a-findfp.o)
                0x0800b3a8                _cleanup_r
 .text.__sinit.part.1
                0x0800b3b4       0xf0 c:/dev/arm/toolchain/bin/../lib/gcc/arm-none-eabi/5.2.1/../../../../arm-none-eabi/lib/armv7-m\libg.a(lib_a-findfp.o)
 .text.__sinit  0x0800b4a4        0xc c:/dev/arm/toolchain/bin/../lib/gcc/arm-none-eabi/5.2.1/../../../../arm-none-eabi/lib/armv7-m\libg.a(lib_a-findfp.o)
                0x0800b4a4                __sinit
 .text.__sfp_lock_acquire
                0x0800b4b0        0x4 c:/dev/arm/toolchain/bin/../lib/gcc/arm-none-eabi/5.2.1/../../../../arm-none-eabi/lib/armv7-m\libg.a(lib_a-findfp.o)
                0x0800b4b0                __sfp_lock_acquire
 .text.__sfp_lock_release
                0x0800b4b4        0x4 c:/dev/arm/toolchain/bin/../lib/gcc/arm-none-eabi/5.2.1/../../../../arm-none-eabi/lib/armv7-m\libg.a(lib_a-findfp.o)
                0x0800b4b4                __sfp_lock_release
 .text.__libc_fini_array
                0x0800b4b8       0x28 c:/dev/arm/toolchain/bin/../lib/gcc/arm-none-eabi/5.2.1/../../../../arm-none-eabi/lib/armv7-m\libg.a(lib_a-fini.o)
                0x0800b4b8                __libc_fini_array
 .text._malloc_trim_r
                0x0800b4e0       0x9c c:/dev/arm/toolchain/bin/../lib/gcc/arm-none-eabi/5.2.1/../../../../arm-none-eabi/lib/armv7-m\libg.a(lib_a-freer.o)
                0x0800b4e0                _malloc_trim_r
 .text._free_r  0x0800b57c      0x1d0 c:/dev/arm/toolchain/bin/../lib/gcc/arm-none-eabi/5.2.1/../../../../arm-none-eabi/lib/armv7-m\libg.a(lib_a-freer.o)
                0x0800b57c                _free_r
 .text.__sfvwrite_r
                0x0800b74c      0x304 c:/dev/arm/toolchain/bin/../lib/gcc/arm-none-eabi/5.2.1/../../../../arm-none-eabi/lib/armv7-m\libg.a(lib_a-fvwrite.o)
                0x0800b74c                __sfvwrite_r
 .text._fwalk_reent
                0x0800ba50       0x50 c:/dev/arm/toolchain/bin/../lib/gcc/arm-none-eabi/5.2.1/../../../../arm-none-eabi/lib/armv7-m\libg.a(lib_a-fwalk.o)
                0x0800ba50                _fwalk_reent
 .text.__locale_charset
                0x0800baa0        0x8 c:/dev/arm/toolchain/bin/../lib/gcc/arm-none-eabi/5.2.1/../../../../arm-none-eabi/lib/armv7-m\libg.a(lib_a-locale.o)
                0x0800baa0                __locale_charset
 .text.__locale_mb_cur_max
                0x0800baa8        0xc c:/dev/arm/toolchain/bin/../lib/gcc/arm-none-eabi/5.2.1/../../../../arm-none-eabi/lib/armv7-m\libg.a(lib_a-locale.o)
                0x0800baa8                __locale_mb_cur_max
 .text._localeconv_r
                0x0800bab4        0x8 c:/dev/arm/toolchain/bin/../lib/gcc/arm-none-eabi/5.2.1/../../../../arm-none-eabi/lib/armv7-m\libg.a(lib_a-locale.o)
                0x0800bab4                _localeconv_r
 .text.__smakebuf_r
                0x0800babc       0xe0 c:/dev/arm/toolchain/bin/../lib/gcc/arm-none-eabi/5.2.1/../../../../arm-none-eabi/lib/armv7-m\libg.a(lib_a-makebuf.o)
                0x0800babc                __smakebuf_r
 .text._malloc_r
                0x0800bb9c      0x558 c:/dev/arm/toolchain/bin/../lib/gcc/arm-none-eabi/5.2.1/../../../../arm-none-eabi/lib/armv7-m\libg.a(lib_a-mallocr.o)
                0x0800bb9c                _malloc_r
 .text.memchr   0x0800c0f4       0x8c c:/dev/arm/toolchain/bin/../lib/gcc/arm-none-eabi/5.2.1/../../../../arm-none-eabi/lib/armv7-m\libg.a(lib_a-memchr-stub.o)
                0x0800c0f4                memchr
 .text.memmove  0x0800c180       0xc8 c:/dev/arm/toolchain/bin/../lib/gcc/arm-none-eabi/5.2.1/../../../../arm-none-eabi/lib/armv7-m\libg.a(lib_a-memmove.o)
                0x0800c180                memmove
 .text.__malloc_lock
                0x0800c248        0x4 c:/dev/arm/toolchain/bin/../lib/gcc/arm-none-eabi/5.2.1/../../../../arm-none-eabi/lib/armv7-m\libg.a(lib_a-mlock.o)
                0x0800c248                __malloc_lock
 .text.__malloc_unlock
                0x0800c24c        0x4 c:/dev/arm/toolchain/bin/../lib/gcc/arm-none-eabi/5.2.1/../../../../arm-none-eabi/lib/armv7-m\libg.a(lib_a-mlock.o)
                0x0800c24c                __malloc_unlock
 .text._Balloc  0x0800c250       0x50 c:/dev/arm/toolchain/bin/../lib/gcc/arm-none-eabi/5.2.1/../../../../arm-none-eabi/lib/armv7-m\libg.a(lib_a-mprec.o)
                0x0800c250                _Balloc
 .text._Bfree   0x0800c2a0       0x14 c:/dev/arm/toolchain/bin/../lib/gcc/arm-none-eabi/5.2.1/../../../../arm-none-eabi/lib/armv7-m\libg.a(lib_a-mprec.o)
                0x0800c2a0                _Bfree
 .text.__multadd
                0x0800c2b4       0x80 c:/dev/arm/toolchain/bin/../lib/gcc/arm-none-eabi/5.2.1/../../../../arm-none-eabi/lib/armv7-m\libg.a(lib_a-mprec.o)
                0x0800c2b4                __multadd
 .text.__hi0bits
                0x0800c334       0x40 c:/dev/arm/toolchain/bin/../lib/gcc/arm-none-eabi/5.2.1/../../../../arm-none-eabi/lib/armv7-m\libg.a(lib_a-mprec.o)
                0x0800c334                __hi0bits
 .text.__lo0bits
                0x0800c374       0x5c c:/dev/arm/toolchain/bin/../lib/gcc/arm-none-eabi/5.2.1/../../../../arm-none-eabi/lib/armv7-m\libg.a(lib_a-mprec.o)
                0x0800c374                __lo0bits
 .text.__i2b    0x0800c3d0       0x14 c:/dev/arm/toolchain/bin/../lib/gcc/arm-none-eabi/5.2.1/../../../../arm-none-eabi/lib/armv7-m\libg.a(lib_a-mprec.o)
                0x0800c3d0                __i2b
 .text.__multiply
                0x0800c3e4      0x13c c:/dev/arm/toolchain/bin/../lib/gcc/arm-none-eabi/5.2.1/../../../../arm-none-eabi/lib/armv7-m\libg.a(lib_a-mprec.o)
                0x0800c3e4                __multiply
 .text.__pow5mult
                0x0800c520       0xa0 c:/dev/arm/toolchain/bin/../lib/gcc/arm-none-eabi/5.2.1/../../../../arm-none-eabi/lib/armv7-m\libg.a(lib_a-mprec.o)
                0x0800c520                __pow5mult
 .text.__lshift
                0x0800c5c0       0xac c:/dev/arm/toolchain/bin/../lib/gcc/arm-none-eabi/5.2.1/../../../../arm-none-eabi/lib/armv7-m\libg.a(lib_a-mprec.o)
                0x0800c5c0                __lshift
 .text.__mcmp   0x0800c66c       0x40 c:/dev/arm/toolchain/bin/../lib/gcc/arm-none-eabi/5.2.1/../../../../arm-none-eabi/lib/armv7-m\libg.a(lib_a-mprec.o)
                0x0800c66c                __mcmp
 .text.__mdiff  0x0800c6ac      0x128 c:/dev/arm/toolchain/bin/../lib/gcc/arm-none-eabi/5.2.1/../../../../arm-none-eabi/lib/armv7-m\libg.a(lib_a-mprec.o)
                0x0800c6ac                __mdiff
 .text.__d2b    0x0800c7d4       0xa8 c:/dev/arm/toolchain/bin/../lib/gcc/arm-none-eabi/5.2.1/../../../../arm-none-eabi/lib/armv7-m\libg.a(lib_a-mprec.o)
                0x0800c7d4                __d2b
 .text._putc_r  0x0800c87c       0x58 c:/dev/arm/toolchain/bin/../lib/gcc/arm-none-eabi/5.2.1/../../../../arm-none-eabi/lib/armv7-m\libg.a(lib_a-putc.o)
                0x0800c87c                _putc_r
 .text._realloc_r
                0x0800c8d4      0x3d4 c:/dev/arm/toolchain/bin/../lib/gcc/arm-none-eabi/5.2.1/../../../../arm-none-eabi/lib/armv7-m\libg.a(lib_a-reallocr.o)
                0x0800c8d4                _realloc_r
 .text.__fpclassifyd
                0x0800cca8       0x54 c:/dev/arm/toolchain/bin/../lib/gcc/arm-none-eabi/5.2.1/../../../../arm-none-eabi/lib/armv7-m\libg.a(lib_a-s_fpclassify.o)
                0x0800cca8                __fpclassifyd
 .text._sbrk_r  0x0800ccfc       0x24 c:/dev/arm/toolchain/bin/../lib/gcc/arm-none-eabi/5.2.1/../../../../arm-none-eabi/lib/armv7-m\libg.a(lib_a-sbrkr.o)
                0x0800ccfc                _sbrk_r
 .text.__sread  0x0800cd20       0x24 c:/dev/arm/toolchain/bin/../lib/gcc/arm-none-eabi/5.2.1/../../../../arm-none-eabi/lib/armv7-m\libg.a(lib_a-stdio.o)
                0x0800cd20                __sread
 .text.__swrite
                0x0800cd44       0x38 c:/dev/arm/toolchain/bin/../lib/gcc/arm-none-eabi/5.2.1/../../../../arm-none-eabi/lib/armv7-m\libg.a(lib_a-stdio.o)
                0x0800cd44                __swrite
 .text.__sseek  0x0800cd7c       0x20 c:/dev/arm/toolchain/bin/../lib/gcc/arm-none-eabi/5.2.1/../../../../arm-none-eabi/lib/armv7-m\libg.a(lib_a-stdio.o)
                0x0800cd7c                __sseek
 .text.__sclose
                0x0800cd9c        0x8 c:/dev/arm/toolchain/bin/../lib/gcc/arm-none-eabi/5.2.1/../../../../arm-none-eabi/lib/armv7-m\libg.a(lib_a-stdio.o)
                0x0800cd9c                __sclose
 .text._svfprintf_r
                0x0800cda4     0x1718 c:/dev/arm/toolchain/bin/../lib/gcc/arm-none-eabi/5.2.1/../../../../arm-none-eabi/lib/armv7-m\libg.a(lib_a-svfprintf.o)
                0x0800cda4                _svfprintf_r
 .text.__sprint_r.part.0
                0x0800e4bc       0x78 c:/dev/arm/toolchain/bin/../lib/gcc/arm-none-eabi/5.2.1/../../../../arm-none-eabi/lib/armv7-m\libg.a(lib_a-vfiprintf.o)
 .text.__sprint_r
                0x0800e534       0x14 c:/dev/arm/toolchain/bin/../lib/gcc/arm-none-eabi/5.2.1/../../../../arm-none-eabi/lib/armv7-m\libg.a(lib_a-vfiprintf.o)
                0x0800e534                __sprint_r
 .text.__swbuf_r
                0x0800e548       0xa8 c:/dev/arm/toolchain/bin/../lib/gcc/arm-none-eabi/5.2.1/../../../../arm-none-eabi/lib/armv7-m\libg.a(lib_a-wbuf.o)
                0x0800e548                __swbuf_r
 .text.__register_exitproc
                0x0800e5f0       0xa4 c:/dev/arm/toolchain/bin/../lib/gcc/arm-none-eabi/5.2.1/../../../../arm-none-eabi/lib/armv7-m\libg.a(lib_a-__atexit.o)
                0x0800e5f0                __register_exitproc
 .text._calloc_r
                0x0800e694       0x60 c:/dev/arm/toolchain/bin/../lib/gcc/arm-none-eabi/5.2.1/../../../../arm-none-eabi/lib/armv7-m\libg.a(lib_a-callocr.o)
                0x0800e694                _calloc_r
 .text._close_r
                0x0800e6f4       0x24 c:/dev/arm/toolchain/bin/../lib/gcc/arm-none-eabi/5.2.1/../../../../arm-none-eabi/lib/armv7-m\libg.a(lib_a-closer.o)
                0x0800e6f4                _close_r
 .text._fclose_r
                0x0800e718       0x84 c:/dev/arm/toolchain/bin/../lib/gcc/arm-none-eabi/5.2.1/../../../../arm-none-eabi/lib/armv7-m\libg.a(lib_a-fclose.o)
                0x0800e718                _fclose_r
 .text.__fputwc
                0x0800e79c       0xb0 c:/dev/arm/toolchain/bin/../lib/gcc/arm-none-eabi/5.2.1/../../../../arm-none-eabi/lib/armv7-m\libg.a(lib_a-fputwc.o)
                0x0800e79c                __fputwc
 .text._fputwc_r
                0x0800e84c       0x24 c:/dev/arm/toolchain/bin/../lib/gcc/arm-none-eabi/5.2.1/../../../../arm-none-eabi/lib/armv7-m\libg.a(lib_a-fputwc.o)
                0x0800e84c                _fputwc_r
 .text._fstat_r
                0x0800e870       0x28 c:/dev/arm/toolchain/bin/../lib/gcc/arm-none-eabi/5.2.1/../../../../arm-none-eabi/lib/armv7-m\libg.a(lib_a-fstatr.o)
                0x0800e870                _fstat_r
 .text._isatty_r
                0x0800e898       0x24 c:/dev/arm/toolchain/bin/../lib/gcc/arm-none-eabi/5.2.1/../../../../arm-none-eabi/lib/armv7-m\libg.a(lib_a-isattyr.o)
                0x0800e898                _isatty_r
 .text._lseek_r
                0x0800e8bc       0x2c c:/dev/arm/toolchain/bin/../lib/gcc/arm-none-eabi/5.2.1/../../../../arm-none-eabi/lib/armv7-m\libg.a(lib_a-lseekr.o)
                0x0800e8bc                _lseek_r
 .text._read_r  0x0800e8e8       0x2c c:/dev/arm/toolchain/bin/../lib/gcc/arm-none-eabi/5.2.1/../../../../arm-none-eabi/lib/armv7-m\libg.a(lib_a-readr.o)
                0x0800e8e8                _read_r
 .text.__ssprint_r
                0x0800e914      0x100 c:/dev/arm/toolchain/bin/../lib/gcc/arm-none-eabi/5.2.1/../../../../arm-none-eabi/lib/armv7-m\libg.a(lib_a-svfiprintf.o)
                0x0800e914                __ssprint_r
 .text._wcrtomb_r
                0x0800ea14       0x54 c:/dev/arm/toolchain/bin/../lib/gcc/arm-none-eabi/5.2.1/../../../../arm-none-eabi/lib/armv7-m\libg.a(lib_a-wcrtomb.o)
                0x0800ea14                _wcrtomb_r
 .text.__ascii_wctomb
                0x0800ea68       0x1c c:/dev/arm/toolchain/bin/../lib/gcc/arm-none-eabi/5.2.1/../../../../arm-none-eabi/lib/armv7-m\libg.a(lib_a-wctomb_r.o)
                0x0800ea68                __ascii_wctomb
 *(.glue_7)
 .glue_7        0x0800ea84        0x0 linker stubs
 *(.glue_7t)
 .glue_7t       0x0800ea84        0x0 linker stubs
 *(.eh_frame)
 .eh_frame      0x0800ea84        0x0 c:/dev/arm/toolchain/bin/../lib/gcc/arm-none-eabi/5.2.1/armv7-m/crtbegin.o
 *(.init)
 .init          0x0800ea84        0x4 c:/dev/arm/toolchain/bin/../lib/gcc/arm-none-eabi/5.2.1/armv7-m/crti.o
                0x0800ea84                _init
 .init          0x0800ea88        0x8 c:/dev/arm/toolchain/bin/../lib/gcc/arm-none-eabi/5.2.1/armv7-m/crtn.o
 *(.fini)
 .fini          0x0800ea90        0x4 c:/dev/arm/toolchain/bin/../lib/gcc/arm-none-eabi/5.2.1/armv7-m/crti.o
                0x0800ea90                _fini
 .fini          0x0800ea94        0x8 c:/dev/arm/toolchain/bin/../lib/gcc/arm-none-eabi/5.2.1/armv7-m/crtn.o
                0x0800ea9c                . = ALIGN (0x4)
                0x0800ea9c                _etext = .

.vfp11_veneer   0x0800ea9c        0x0
 .vfp11_veneer  0x0800ea9c        0x0 linker stubs

.v4_bx          0x0800ea9c        0x0
 .v4_bx         0x0800ea9c        0x0 linker stubs

.iplt           0x0800ea9c        0x0
 .iplt          0x0800ea9c        0x0 c:/dev/arm/toolchain/bin/../lib/gcc/arm-none-eabi/5.2.1/armv7-m/crtbegin.o

.rodata         0x0800eaa0      0x600
                0x0800eaa0                . = ALIGN (0x4)
 *(.rodata)
 .rodata        0x0800eaa0       0x5d src\config.o
 *fill*         0x0800eafd        0x3 
 .rodata        0x0800eb00       0x11 src\lcd.o
 *fill*         0x0800eb11        0x3 
 .rodata        0x0800eb14       0x4a src\maze.o
 *fill*         0x0800eb5e        0x2 
 .rodata        0x0800eb60      0x375 src\mode.o
 *fill*         0x0800eed5        0x3 
 .rodata        0x0800eed8       0x1a src\syscall.o
 *(.rodata*)
 *fill*         0x0800eef2        0x2 
 .rodata.str1.4
                0x0800eef4        0x2 c:/dev/arm/toolchain/bin/../lib/gcc/arm-none-eabi/5.2.1/../../../../arm-none-eabi/lib/armv7-m\libg.a(lib_a-impure.o)
 *fill*         0x0800eef6        0x2 
 .rodata._global_impure_ptr
                0x0800eef8        0x4 c:/dev/arm/toolchain/bin/../lib/gcc/arm-none-eabi/5.2.1/../../../../arm-none-eabi/lib/armv7-m\libg.a(lib_a-impure.o)
                0x0800eef8                _global_impure_ptr
 .rodata.str1.4
                0x0800eefc        0x2 c:/dev/arm/toolchain/bin/../lib/gcc/arm-none-eabi/5.2.1/../../../../arm-none-eabi/lib/armv7-m\libg.a(lib_a-puts.o)
 *fill*         0x0800eefe        0x2 
 .rodata.zeroes.7023
                0x0800ef00       0x10 c:/dev/arm/toolchain/bin/../lib/gcc/arm-none-eabi/5.2.1/../../../../arm-none-eabi/lib/armv7-m\libg.a(lib_a-vfprintf.o)
 .rodata.blanks.7022
                0x0800ef10       0x10 c:/dev/arm/toolchain/bin/../lib/gcc/arm-none-eabi/5.2.1/../../../../arm-none-eabi/lib/armv7-m\libg.a(lib_a-vfprintf.o)
 .rodata.str1.4
                0x0800ef20       0x42 c:/dev/arm/toolchain/bin/../lib/gcc/arm-none-eabi/5.2.1/../../../../arm-none-eabi/lib/armv7-m\libg.a(lib_a-vfprintf.o)
 *fill*         0x0800ef62        0x2 
 .rodata.str1.4
                0x0800ef64       0x10 c:/dev/arm/toolchain/bin/../lib/gcc/arm-none-eabi/5.2.1/../../../../arm-none-eabi/lib/armv7-m\libg.a(lib_a-dtoa.o)
                                 0x12 (size before relaxing)
 .rodata.str1.4
                0x0800ef74        0xc c:/dev/arm/toolchain/bin/../lib/gcc/arm-none-eabi/5.2.1/../../../../arm-none-eabi/lib/armv7-m\libg.a(lib_a-locale.o)
                                 0x12 (size before relaxing)
 .rodata.p05.5402
                0x0800ef80        0xc c:/dev/arm/toolchain/bin/../lib/gcc/arm-none-eabi/5.2.1/../../../../arm-none-eabi/lib/armv7-m\libg.a(lib_a-mprec.o)
 *fill*         0x0800ef8c        0x4 
 .rodata.__mprec_tens
                0x0800ef90       0xc8 c:/dev/arm/toolchain/bin/../lib/gcc/arm-none-eabi/5.2.1/../../../../arm-none-eabi/lib/armv7-m\libg.a(lib_a-mprec.o)
                0x0800ef90                __mprec_tens
 .rodata.__mprec_bigtens
                0x0800f058       0x28 c:/dev/arm/toolchain/bin/../lib/gcc/arm-none-eabi/5.2.1/../../../../arm-none-eabi/lib/armv7-m\libg.a(lib_a-mprec.o)
                0x0800f058                __mprec_bigtens
 .rodata.blanks.7007
                0x0800f080       0x10 c:/dev/arm/toolchain/bin/../lib/gcc/arm-none-eabi/5.2.1/../../../../arm-none-eabi/lib/armv7-m\libg.a(lib_a-svfprintf.o)
 .rodata.str1.4
                0x0800f090       0x42 c:/dev/arm/toolchain/bin/../lib/gcc/arm-none-eabi/5.2.1/../../../../arm-none-eabi/lib/armv7-m\libg.a(lib_a-svfprintf.o)
 .rodata.zeroes.7008
                0x0800f090       0x10 c:/dev/arm/toolchain/bin/../lib/gcc/arm-none-eabi/5.2.1/../../../../arm-none-eabi/lib/armv7-m\libg.a(lib_a-svfprintf.o)
                0x0800f0d4                . = ALIGN (0x4)

.ARM.extab      0x0800f0a0       0x18
 *(.ARM.extab* .gnu.linkonce.armextab.*)
 .ARM.extab     0x0800f0a0       0x18 c:/dev/arm/toolchain/bin/../lib/gcc/arm-none-eabi/5.2.1/armv7-m\libgcc.a(pr-support.o)

.ARM            0x0800f0b8       0xc8
                0x0800f0b8                __exidx_start = .
 *(.ARM.exidx*)
 .ARM.exidx.text.main
                0x0800f170       0x10 src\main.o
                                  0x8 (size before relaxing)
 .ARM.exidx     0x0800f0b8       0x80 c:/dev/arm/toolchain/bin/../lib/gcc/arm-none-eabi/5.2.1/armv7-m\libgcc.a(unwind-arm.o)
                                 0xd8 (size before relaxing)
 .ARM.exidx     0x0800f138       0x38 c:/dev/arm/toolchain/bin/../lib/gcc/arm-none-eabi/5.2.1/armv7-m\libgcc.a(pr-support.o)
                                 0x48 (size before relaxing)
 .ARM.exidx     0x0800f170        0x0 c:/dev/arm/toolchain/bin/../lib/gcc/arm-none-eabi/5.2.1/armv7-m\libgcc.a(_udivmoddi4.o)
                                  0x8 (size before relaxing)
                0x0800f180                __exidx_end = .

.rel.dyn        0x0800f180        0x0
 .rel.iplt      0x0800f180        0x0 c:/dev/arm/toolchain/bin/../lib/gcc/arm-none-eabi/5.2.1/armv7-m/crtbegin.o

.preinit_array  0x0800f180        0x0
                0x0800f180                PROVIDE (__preinit_array_start, .)
 *(.preinit_array*)
                0x0800f180                PROVIDE (__preinit_array_end, .)

.init_array     0x0800f180        0x8
                0x0800f180                PROVIDE (__init_array_start, .)
 *(SORT(.init_array.*))
 .init_array.00000
                0x0800f180        0x4 c:/dev/arm/toolchain/bin/../lib/gcc/arm-none-eabi/5.2.1/../../../../arm-none-eabi/lib/armv7-m\libg.a(lib_a-__call_atexit.o)
 *(.init_array*)
 .init_array    0x0800f184        0x4 c:/dev/arm/toolchain/bin/../lib/gcc/arm-none-eabi/5.2.1/armv7-m/crtbegin.o
                0x0800f188                PROVIDE (__init_array_end, .)

.fini_array     0x0800f188        0x4
                0x0800f188                PROVIDE (__fini_array_start, .)
 *(SORT(.fini_array.*))
 *(.fini_array*)
 .fini_array    0x0800f188        0x4 c:/dev/arm/toolchain/bin/../lib/gcc/arm-none-eabi/5.2.1/armv7-m/crtbegin.o
                0x0800f18c                PROVIDE (__fini_array_end, .)
                0x0800f18c                _sidata = LOADADDR (.data)

.data           0x20000000      0x924 load address 0x0800f18c
                0x20000000                . = ALIGN (0x4)
                0x20000000                _sdata = .
 *(.data)
 *(.data*)
 .data.APBAHBPrescTable
                0x20000000       0x10 Libraries\STM32F10x_StdPeriph_Driver\src\stm32f10x_rcc.o
 .data.ADCPrescTable
                0x20000010        0x4 Libraries\STM32F10x_StdPeriph_Driver\src\stm32f10x_rcc.o
 .data.mazeDef  0x20000014       0x10 src\global_var.o
                0x20000014                mazeDef
 .data.senDef   0x20000024       0x20 src\global_var.o
                0x20000024                senDef
 .data.moter    0x20000044       0x24 src\global_var.o
                0x20000044                moter
 .data.position
                0x20000068        0xc src\global_var.o
                0x20000068                position
 .data.SystemCoreClock
                0x20000074        0x4 src\system_stm32f10x.o
                0x20000074                SystemCoreClock
 .data.AHBPrescTable
                0x20000078       0x10 src\system_stm32f10x.o
                0x20000078                AHBPrescTable
 .data.impure_data
                0x20000088      0x428 c:/dev/arm/toolchain/bin/../lib/gcc/arm-none-eabi/5.2.1/../../../../arm-none-eabi/lib/armv7-m\libg.a(lib_a-impure.o)
 .data._impure_ptr
                0x200004b0        0x4 c:/dev/arm/toolchain/bin/../lib/gcc/arm-none-eabi/5.2.1/../../../../arm-none-eabi/lib/armv7-m\libg.a(lib_a-impure.o)
                0x200004b0                _impure_ptr
 .data.lconv    0x200004b4       0x38 c:/dev/arm/toolchain/bin/../lib/gcc/arm-none-eabi/5.2.1/../../../../arm-none-eabi/lib/armv7-m\libg.a(lib_a-locale.o)
 .data.lc_ctype_charset
                0x200004ec       0x20 c:/dev/arm/toolchain/bin/../lib/gcc/arm-none-eabi/5.2.1/../../../../arm-none-eabi/lib/armv7-m\libg.a(lib_a-locale.o)
 .data.__mb_cur_max
                0x2000050c        0x4 c:/dev/arm/toolchain/bin/../lib/gcc/arm-none-eabi/5.2.1/../../../../arm-none-eabi/lib/armv7-m\libg.a(lib_a-locale.o)
                0x2000050c                __mb_cur_max
 .data.__malloc_av_
                0x20000510      0x408 c:/dev/arm/toolchain/bin/../lib/gcc/arm-none-eabi/5.2.1/../../../../arm-none-eabi/lib/armv7-m\libg.a(lib_a-mallocr.o)
                0x20000510                __malloc_av_
 .data.__malloc_trim_threshold
                0x20000918        0x4 c:/dev/arm/toolchain/bin/../lib/gcc/arm-none-eabi/5.2.1/../../../../arm-none-eabi/lib/armv7-m\libg.a(lib_a-mallocr.o)
                0x20000918                __malloc_trim_threshold
 .data.__malloc_sbrk_base
                0x2000091c        0x4 c:/dev/arm/toolchain/bin/../lib/gcc/arm-none-eabi/5.2.1/../../../../arm-none-eabi/lib/armv7-m\libg.a(lib_a-mallocr.o)
                0x2000091c                __malloc_sbrk_base
 .data.__wctomb
                0x20000920        0x4 c:/dev/arm/toolchain/bin/../lib/gcc/arm-none-eabi/5.2.1/../../../../arm-none-eabi/lib/armv7-m\libg.a(lib_a-wctomb_r.o)
                0x20000920                __wctomb
                0x20000924                . = ALIGN (0x4)
                0x20000924                _edata = .

.jcr            0x20000924        0x0 load address 0x0800fab0
 .jcr           0x20000924        0x0 c:/dev/arm/toolchain/bin/../lib/gcc/arm-none-eabi/5.2.1/armv7-m/crtbegin.o

.tm_clone_table
                0x20000924        0x0 load address 0x0800fab0
 .tm_clone_table
                0x20000924        0x0 c:/dev/arm/toolchain/bin/../lib/gcc/arm-none-eabi/5.2.1/armv7-m/crtbegin.o
 .tm_clone_table
                0x20000924        0x0 c:/dev/arm/toolchain/bin/../lib/gcc/arm-none-eabi/5.2.1/armv7-m/crtend.o

.igot.plt       0x20000924        0x0 load address 0x0800fab0
 .igot.plt      0x20000924        0x0 c:/dev/arm/toolchain/bin/../lib/gcc/arm-none-eabi/5.2.1/armv7-m/crtbegin.o
                0x20000924                . = ALIGN (0x4)

.bss            0x20000924     0x19b0 load address 0x0800fab0
                0x20000924                _sbss = .
                0x20000924                __bss_start__ = _sbss
 *(.bss)
 .bss           0x20000924       0x1c c:/dev/arm/toolchain/bin/../lib/gcc/arm-none-eabi/5.2.1/armv7-m/crtbegin.o
 *(.bss*)
 .bss.sen_sr    0x20000940       0x18 src\global_var.o
                0x20000940                sen_sr
 .bss.sen_fr    0x20000958       0x18 src\global_var.o
                0x20000958                sen_fr
 .bss.sen_fl    0x20000970       0x18 src\global_var.o
                0x20000970                sen_fl
 .bss.sen_sl    0x20000988       0x18 src\global_var.o
                0x20000988                sen_sl
 .bss.control   0x200009a0       0x14 src\global_var.o
                0x200009a0                control
 .bss.maze      0x200009b4     0x1814 src\global_var.o
                0x200009b4                maze
 .bss.tim       0x200021c8        0x4 src\global_var.o
                0x200021c8                tim
 .bss.run_mode  0x200021cc        0x4 src\global_var.o
                0x200021cc                run_mode
 .bss.L_Flag    0x200021d0        0x4 src\irq.o
 .bss.R_Flag    0x200021d4        0x4 src\irq.o
 .bss.heap_end.7498
                0x200021d8        0x4 src\syscall.o
 .bss.__malloc_max_total_mem
                0x200021dc        0x4 c:/dev/arm/toolchain/bin/../lib/gcc/arm-none-eabi/5.2.1/../../../../arm-none-eabi/lib/armv7-m\libg.a(lib_a-mallocr.o)
                0x200021dc                __malloc_max_total_mem
 .bss.__malloc_max_sbrked_mem
                0x200021e0        0x4 c:/dev/arm/toolchain/bin/../lib/gcc/arm-none-eabi/5.2.1/../../../../arm-none-eabi/lib/armv7-m\libg.a(lib_a-mallocr.o)
                0x200021e0                __malloc_max_sbrked_mem
 .bss.__malloc_top_pad
                0x200021e4        0x4 c:/dev/arm/toolchain/bin/../lib/gcc/arm-none-eabi/5.2.1/../../../../arm-none-eabi/lib/armv7-m\libg.a(lib_a-mallocr.o)
                0x200021e4                __malloc_top_pad
 .bss.__malloc_current_mallinfo
                0x200021e8       0x28 c:/dev/arm/toolchain/bin/../lib/gcc/arm-none-eabi/5.2.1/../../../../arm-none-eabi/lib/armv7-m\libg.a(lib_a-mallocr.o)
                0x200021e8                __malloc_current_mallinfo
 *(COMMON)
 COMMON         0x20002210       0xbc src\config.o
                0x20002210                DMA_InitStructure_USART_TX
                0x2000223c                rxb
                0x20002284                txb
 COMMON         0x200022cc        0x2 src\flash.o
                0x200022cc                MemoryProgramStatus
                0x200022cd                FLASHStatus
 *fill*         0x200022ce        0x2 
 COMMON         0x200022d0        0x4 c:/dev/arm/toolchain/bin/../lib/gcc/arm-none-eabi/5.2.1/../../../../arm-none-eabi/lib/armv7-m\libg.a(lib_a-reent.o)
                0x200022d0                errno
                0x200022d4                . = ALIGN (0x4)
                0x200022d4                _ebss = .
                0x200022d4                __bss_end__ = _ebss

._user_heap_stack
                0x200022d4      0x200 load address 0x0800fab0
                0x200022d4                . = ALIGN (0x4)
                [!provide]                PROVIDE (end, .)
                0x200022d4                PROVIDE (_end, .)
                0x200022d4                . = (. + _Min_Heap_Size)
                0x200024d4                . = (. + _Min_Stack_Size)
 *fill*         0x200022d4      0x200 
                0x200024d4                . = ALIGN (0x4)

.memory_b1_text
 *(.mb1text)
 *(.mb1text*)
 *(.mb1rodata)
 *(.mb1rodata*)

/DISCARD/
 libc.a(*)
 libm.a(*)
 libgcc.a(*)

.ARM.attributes
                0x00000000       0x29
 *(.ARM.attributes)
 .ARM.attributes
                0x00000000       0x1d c:/dev/arm/toolchain/bin/../lib/gcc/arm-none-eabi/5.2.1/armv7-m/crti.o
 .ARM.attributes
                0x0000001d       0x2d c:/dev/arm/toolchain/bin/../lib/gcc/arm-none-eabi/5.2.1/armv7-m/crtbegin.o
 .ARM.attributes
                0x0000004a       0x33 Libraries\STM32F10x_StdPeriph_Driver\src\misc.o
 .ARM.attributes
                0x0000007d       0x33 Libraries\STM32F10x_StdPeriph_Driver\src\stm32f10x_adc.o
 .ARM.attributes
                0x000000b0       0x33 Libraries\STM32F10x_StdPeriph_Driver\src\stm32f10x_dma.o
 .ARM.attributes
                0x000000e3       0x33 Libraries\STM32F10x_StdPeriph_Driver\src\stm32f10x_flash.o
 .ARM.attributes
                0x00000116       0x33 Libraries\STM32F10x_StdPeriph_Driver\src\stm32f10x_gpio.o
 .ARM.attributes
                0x00000149       0x33 Libraries\STM32F10x_StdPeriph_Driver\src\stm32f10x_rcc.o
 .ARM.attributes
                0x0000017c       0x33 Libraries\STM32F10x_StdPeriph_Driver\src\stm32f10x_tim.o
 .ARM.attributes
                0x000001af       0x33 Libraries\STM32F10x_StdPeriph_Driver\src\stm32f10x_usart.o
 .ARM.attributes
                0x000001e2       0x33 src\config.o
 .ARM.attributes
                0x00000215       0x33 src\flash.o
 .ARM.attributes
                0x00000248       0x33 src\global_var.o
 .ARM.attributes
                0x0000027b       0x33 src\irq.o
 .ARM.attributes
                0x000002ae       0x33 src\lcd.o
 .ARM.attributes
                0x000002e1       0x33 src\main.o
 .ARM.attributes
                0x00000314       0x33 src\maze.o
 .ARM.attributes
                0x00000347       0x33 src\mode.o
 .ARM.attributes
                0x0000037a       0x33 src\moter.o
 .ARM.attributes
                0x000003ad       0x21 src\startup_stm32f10x_hd.o
 .ARM.attributes
                0x000003ce       0x33 src\stm32f10x_it.o
 .ARM.attributes
                0x00000401       0x33 src\syscall.o
 .ARM.attributes
                0x00000434       0x33 src\system_stm32f10x.o
 .ARM.attributes
                0x00000467       0x1d c:/dev/arm/toolchain/bin/../lib/gcc/arm-none-eabi/5.2.1/armv7-m\libgcc.a(_arm_addsubdf3.o)
 .ARM.attributes
                0x00000484       0x1d c:/dev/arm/toolchain/bin/../lib/gcc/arm-none-eabi/5.2.1/armv7-m\libgcc.a(_arm_muldivdf3.o)
 .ARM.attributes
                0x000004a1       0x1d c:/dev/arm/toolchain/bin/../lib/gcc/arm-none-eabi/5.2.1/armv7-m\libgcc.a(_arm_fixdfsi.o)
 .ARM.attributes
                0x000004be       0x1d c:/dev/arm/toolchain/bin/../lib/gcc/arm-none-eabi/5.2.1/armv7-m\libgcc.a(_arm_truncdfsf2.o)
 .ARM.attributes
                0x000004db       0x1d c:/dev/arm/toolchain/bin/../lib/gcc/arm-none-eabi/5.2.1/armv7-m\libgcc.a(_arm_addsubsf3.o)
 .ARM.attributes
                0x000004f8       0x1d c:/dev/arm/toolchain/bin/../lib/gcc/arm-none-eabi/5.2.1/armv7-m\libgcc.a(_arm_muldivsf3.o)
 .ARM.attributes
                0x00000515       0x1d c:/dev/arm/toolchain/bin/../lib/gcc/arm-none-eabi/5.2.1/armv7-m\libgcc.a(_arm_cmpsf2.o)
 .ARM.attributes
                0x00000532       0x1d c:/dev/arm/toolchain/bin/../lib/gcc/arm-none-eabi/5.2.1/armv7-m\libgcc.a(_arm_fixsfsi.o)
 .ARM.attributes
                0x0000054f       0x2d c:/dev/arm/toolchain/bin/../lib/gcc/arm-none-eabi/5.2.1/../../../../arm-none-eabi/lib/armv7-m\libg.a(lib_a-abort.o)
 .ARM.attributes
                0x0000057c       0x2d c:/dev/arm/toolchain/bin/../lib/gcc/arm-none-eabi/5.2.1/../../../../arm-none-eabi/lib/armv7-m\libg.a(lib_a-impure.o)
 .ARM.attributes
                0x000005a9       0x2d c:/dev/arm/toolchain/bin/../lib/gcc/arm-none-eabi/5.2.1/../../../../arm-none-eabi/lib/armv7-m\libg.a(lib_a-init.o)
 .ARM.attributes
                0x000005d6       0x1b c:/dev/arm/toolchain/bin/../lib/gcc/arm-none-eabi/5.2.1/../../../../arm-none-eabi/lib/armv7-m\libg.a(lib_a-memcpy.o)
 .ARM.attributes
                0x000005f1       0x2d c:/dev/arm/toolchain/bin/../lib/gcc/arm-none-eabi/5.2.1/../../../../arm-none-eabi/lib/armv7-m\libg.a(lib_a-memset.o)
 .ARM.attributes
                0x0000061e       0x2d c:/dev/arm/toolchain/bin/../lib/gcc/arm-none-eabi/5.2.1/../../../../arm-none-eabi/lib/armv7-m\libg.a(lib_a-printf.o)
 .ARM.attributes
                0x0000064b       0x2d c:/dev/arm/toolchain/bin/../lib/gcc/arm-none-eabi/5.2.1/../../../../arm-none-eabi/lib/armv7-m\libg.a(lib_a-putchar.o)
 .ARM.attributes
                0x00000678       0x2d c:/dev/arm/toolchain/bin/../lib/gcc/arm-none-eabi/5.2.1/../../../../arm-none-eabi/lib/armv7-m\libg.a(lib_a-puts.o)
 .ARM.attributes
                0x000006a5       0x2d c:/dev/arm/toolchain/bin/../lib/gcc/arm-none-eabi/5.2.1/../../../../arm-none-eabi/lib/armv7-m\libg.a(lib_a-reent.o)
 .ARM.attributes
                0x000006d2       0x2d c:/dev/arm/toolchain/bin/../lib/gcc/arm-none-eabi/5.2.1/../../../../arm-none-eabi/lib/armv7-m\libg.a(lib_a-signal.o)
 .ARM.attributes
                0x000006ff       0x2d c:/dev/arm/toolchain/bin/../lib/gcc/arm-none-eabi/5.2.1/../../../../arm-none-eabi/lib/armv7-m\libg.a(lib_a-signalr.o)
 .ARM.attributes
                0x0000072c       0x2d c:/dev/arm/toolchain/bin/../lib/gcc/arm-none-eabi/5.2.1/../../../../arm-none-eabi/lib/armv7-m\libg.a(lib_a-strlen-stub.o)
 .ARM.attributes
                0x00000759       0x2d c:/dev/arm/toolchain/bin/../lib/gcc/arm-none-eabi/5.2.1/../../../../arm-none-eabi/lib/armv7-m\libg.a(lib_a-syswrite.o)
 .ARM.attributes
                0x00000786       0x2d c:/dev/arm/toolchain/bin/../lib/gcc/arm-none-eabi/5.2.1/../../../../arm-none-eabi/lib/armv7-m\libg.a(lib_a-vfprintf.o)
 .ARM.attributes
                0x000007b3       0x2d c:/dev/arm/toolchain/bin/../lib/gcc/arm-none-eabi/5.2.1/../../../../arm-none-eabi/lib/armv7-m\libg.a(lib_a-vsprintf.o)
 .ARM.attributes
                0x000007e0       0x2d c:/dev/arm/toolchain/bin/../lib/gcc/arm-none-eabi/5.2.1/../../../../arm-none-eabi/lib/armv7-m\libg.a(lib_a-writer.o)
 .ARM.attributes
                0x0000080d       0x2d c:/dev/arm/toolchain/bin/../lib/gcc/arm-none-eabi/5.2.1/../../../../arm-none-eabi/lib/armv7-m\libg.a(lib_a-wsetup.o)
 .ARM.attributes
                0x0000083a       0x2d c:/dev/arm/toolchain/bin/../lib/gcc/arm-none-eabi/5.2.1/../../../../arm-none-eabi/lib/armv7-m\libg.a(lib_a-__call_atexit.o)
 .ARM.attributes
                0x00000867       0x2d c:/dev/arm/toolchain/bin/../lib/gcc/arm-none-eabi/5.2.1/../../../../arm-none-eabi/lib/armv7-m\libg.a(lib_a-atexit.o)
 .ARM.attributes
                0x00000894       0x2d c:/dev/arm/toolchain/bin/../lib/gcc/arm-none-eabi/5.2.1/../../../../arm-none-eabi/lib/armv7-m\libg.a(lib_a-dtoa.o)
 .ARM.attributes
                0x000008c1       0x2d c:/dev/arm/toolchain/bin/../lib/gcc/arm-none-eabi/5.2.1/../../../../arm-none-eabi/lib/armv7-m\libg.a(lib_a-fflush.o)
 .ARM.attributes
                0x000008ee       0x2d c:/dev/arm/toolchain/bin/../lib/gcc/arm-none-eabi/5.2.1/../../../../arm-none-eabi/lib/armv7-m\libg.a(lib_a-findfp.o)
 .ARM.attributes
                0x0000091b       0x2d c:/dev/arm/toolchain/bin/../lib/gcc/arm-none-eabi/5.2.1/../../../../arm-none-eabi/lib/armv7-m\libg.a(lib_a-fini.o)
 .ARM.attributes
                0x00000948       0x2d c:/dev/arm/toolchain/bin/../lib/gcc/arm-none-eabi/5.2.1/../../../../arm-none-eabi/lib/armv7-m\libg.a(lib_a-freer.o)
 .ARM.attributes
                0x00000975       0x2d c:/dev/arm/toolchain/bin/../lib/gcc/arm-none-eabi/5.2.1/../../../../arm-none-eabi/lib/armv7-m\libg.a(lib_a-fvwrite.o)
 .ARM.attributes
                0x000009a2       0x2d c:/dev/arm/toolchain/bin/../lib/gcc/arm-none-eabi/5.2.1/../../../../arm-none-eabi/lib/armv7-m\libg.a(lib_a-fwalk.o)
 .ARM.attributes
                0x000009cf       0x2d c:/dev/arm/toolchain/bin/../lib/gcc/arm-none-eabi/5.2.1/../../../../arm-none-eabi/lib/armv7-m\libg.a(lib_a-locale.o)
 .ARM.attributes
                0x000009fc       0x2d c:/dev/arm/toolchain/bin/../lib/gcc/arm-none-eabi/5.2.1/../../../../arm-none-eabi/lib/armv7-m\libg.a(lib_a-makebuf.o)
 .ARM.attributes
                0x00000a29       0x2d c:/dev/arm/toolchain/bin/../lib/gcc/arm-none-eabi/5.2.1/../../../../arm-none-eabi/lib/armv7-m\libg.a(lib_a-mallocr.o)
 .ARM.attributes
                0x00000a56       0x2d c:/dev/arm/toolchain/bin/../lib/gcc/arm-none-eabi/5.2.1/../../../../arm-none-eabi/lib/armv7-m\libg.a(lib_a-memchr-stub.o)
 .ARM.attributes
                0x00000a83       0x2d c:/dev/arm/toolchain/bin/../lib/gcc/arm-none-eabi/5.2.1/../../../../arm-none-eabi/lib/armv7-m\libg.a(lib_a-memmove.o)
 .ARM.attributes
                0x00000ab0       0x2d c:/dev/arm/toolchain/bin/../lib/gcc/arm-none-eabi/5.2.1/../../../../arm-none-eabi/lib/armv7-m\libg.a(lib_a-mlock.o)
 .ARM.attributes
                0x00000add       0x2d c:/dev/arm/toolchain/bin/../lib/gcc/arm-none-eabi/5.2.1/../../../../arm-none-eabi/lib/armv7-m\libg.a(lib_a-mprec.o)
 .ARM.attributes
                0x00000b0a       0x2d c:/dev/arm/toolchain/bin/../lib/gcc/arm-none-eabi/5.2.1/../../../../arm-none-eabi/lib/armv7-m\libg.a(lib_a-putc.o)
 .ARM.attributes
                0x00000b37       0x2d c:/dev/arm/toolchain/bin/../lib/gcc/arm-none-eabi/5.2.1/../../../../arm-none-eabi/lib/armv7-m\libg.a(lib_a-reallocr.o)
 .ARM.attributes
                0x00000b64       0x2d c:/dev/arm/toolchain/bin/../lib/gcc/arm-none-eabi/5.2.1/../../../../arm-none-eabi/lib/armv7-m\libg.a(lib_a-s_fpclassify.o)
 .ARM.attributes
                0x00000b91       0x2d c:/dev/arm/toolchain/bin/../lib/gcc/arm-none-eabi/5.2.1/../../../../arm-none-eabi/lib/armv7-m\libg.a(lib_a-sbrkr.o)
 .ARM.attributes
                0x00000bbe       0x2d c:/dev/arm/toolchain/bin/../lib/gcc/arm-none-eabi/5.2.1/../../../../arm-none-eabi/lib/armv7-m\libg.a(lib_a-stdio.o)
 .ARM.attributes
                0x00000beb       0x2d c:/dev/arm/toolchain/bin/../lib/gcc/arm-none-eabi/5.2.1/../../../../arm-none-eabi/lib/armv7-m\libg.a(lib_a-svfprintf.o)
 .ARM.attributes
                0x00000c18       0x2d c:/dev/arm/toolchain/bin/../lib/gcc/arm-none-eabi/5.2.1/../../../../arm-none-eabi/lib/armv7-m\libg.a(lib_a-vfiprintf.o)
 .ARM.attributes
                0x00000c45       0x2d c:/dev/arm/toolchain/bin/../lib/gcc/arm-none-eabi/5.2.1/../../../../arm-none-eabi/lib/armv7-m\libg.a(lib_a-wbuf.o)
 .ARM.attributes
                0x00000c72       0x2d c:/dev/arm/toolchain/bin/../lib/gcc/arm-none-eabi/5.2.1/../../../../arm-none-eabi/lib/armv7-m\libg.a(lib_a-__atexit.o)
 .ARM.attributes
                0x00000c9f       0x2d c:/dev/arm/toolchain/bin/../lib/gcc/arm-none-eabi/5.2.1/../../../../arm-none-eabi/lib/armv7-m\libg.a(lib_a-callocr.o)
 .ARM.attributes
                0x00000ccc       0x2d c:/dev/arm/toolchain/bin/../lib/gcc/arm-none-eabi/5.2.1/../../../../arm-none-eabi/lib/armv7-m\libg.a(lib_a-closer.o)
 .ARM.attributes
                0x00000cf9       0x2d c:/dev/arm/toolchain/bin/../lib/gcc/arm-none-eabi/5.2.1/../../../../arm-none-eabi/lib/armv7-m\libg.a(lib_a-fclose.o)
 .ARM.attributes
                0x00000d26       0x2d c:/dev/arm/toolchain/bin/../lib/gcc/arm-none-eabi/5.2.1/../../../../arm-none-eabi/lib/armv7-m\libg.a(lib_a-fputwc.o)
 .ARM.attributes
                0x00000d53       0x2d c:/dev/arm/toolchain/bin/../lib/gcc/arm-none-eabi/5.2.1/../../../../arm-none-eabi/lib/armv7-m\libg.a(lib_a-fstatr.o)
 .ARM.attributes
                0x00000d80       0x2d c:/dev/arm/toolchain/bin/../lib/gcc/arm-none-eabi/5.2.1/../../../../arm-none-eabi/lib/armv7-m\libg.a(lib_a-isattyr.o)
 .ARM.attributes
                0x00000dad       0x2d c:/dev/arm/toolchain/bin/../lib/gcc/arm-none-eabi/5.2.1/../../../../arm-none-eabi/lib/armv7-m\libg.a(lib_a-lseekr.o)
 .ARM.attributes
                0x00000dda       0x2d c:/dev/arm/toolchain/bin/../lib/gcc/arm-none-eabi/5.2.1/../../../../arm-none-eabi/lib/armv7-m\libg.a(lib_a-readr.o)
 .ARM.attributes
                0x00000e07       0x2d c:/dev/arm/toolchain/bin/../lib/gcc/arm-none-eabi/5.2.1/../../../../arm-none-eabi/lib/armv7-m\libg.a(lib_a-svfiprintf.o)
 .ARM.attributes
                0x00000e34       0x2d c:/dev/arm/toolchain/bin/../lib/gcc/arm-none-eabi/5.2.1/../../../../arm-none-eabi/lib/armv7-m\libg.a(lib_a-wcrtomb.o)
 .ARM.attributes
                0x00000e61       0x2d c:/dev/arm/toolchain/bin/../lib/gcc/arm-none-eabi/5.2.1/../../../../arm-none-eabi/lib/armv7-m\libg.a(lib_a-wctomb_r.o)
 .ARM.attributes
                0x00000e8e       0x1d c:/dev/arm/toolchain/bin/../lib/gcc/arm-none-eabi/5.2.1/armv7-m\libgcc.a(_arm_cmpdf2.o)
 .ARM.attributes
                0x00000eab       0x1d c:/dev/arm/toolchain/bin/../lib/gcc/arm-none-eabi/5.2.1/armv7-m\libgcc.a(_aeabi_uldivmod.o)
 .ARM.attributes
                0x00000ec8       0x2d c:/dev/arm/toolchain/bin/../lib/gcc/arm-none-eabi/5.2.1/armv7-m\libgcc.a(_udivmoddi4.o)
 .ARM.attributes
                0x00000ef5       0x1d c:/dev/arm/toolchain/bin/../lib/gcc/arm-none-eabi/5.2.1/armv7-m\libgcc.a(_dvmd_tls.o)
 .ARM.attributes
                0x00000f12       0x2d c:/dev/arm/toolchain/bin/../lib/gcc/arm-none-eabi/5.2.1/armv7-m/crtend.o
 .ARM.attributes
                0x00000f3f       0x1d c:/dev/arm/toolchain/bin/../lib/gcc/arm-none-eabi/5.2.1/armv7-m/crtn.o
OUTPUT(test.elf elf32-littlearm)

.debug_info     0x00000000     0x98db
 .debug_info    0x00000000      0x549 Libraries\STM32F10x_StdPeriph_Driver\src\misc.o
 .debug_info    0x00000549      0xb84 Libraries\STM32F10x_StdPeriph_Driver\src\stm32f10x_adc.o
 .debug_info    0x000010cd      0x483 Libraries\STM32F10x_StdPeriph_Driver\src\stm32f10x_dma.o
 .debug_info    0x00001550      0x7c5 Libraries\STM32F10x_StdPeriph_Driver\src\stm32f10x_flash.o
 .debug_info    0x00001d15      0x6fe Libraries\STM32F10x_StdPeriph_Driver\src\stm32f10x_gpio.o
 .debug_info    0x00002413      0x8a1 Libraries\STM32F10x_StdPeriph_Driver\src\stm32f10x_rcc.o
 .debug_info    0x00002cb4     0x1c68 Libraries\STM32F10x_StdPeriph_Driver\src\stm32f10x_tim.o
 .debug_info    0x0000491c      0x9f8 Libraries\STM32F10x_StdPeriph_Driver\src\stm32f10x_usart.o
 .debug_info    0x00005314     0x12f1 src\config.o
 .debug_info    0x00006605      0x579 src\flash.o
 .debug_info    0x00006b7e      0x440 src\global_var.o
 .debug_info    0x00006fbe      0x55f src\irq.o
 .debug_info    0x0000751d      0x670 src\lcd.o
 .debug_info    0x00007b8d       0x46 src\main.o
 .debug_info    0x00007bd3      0x5f4 src\maze.o
 .debug_info    0x000081c7      0x650 src\mode.o
 .debug_info    0x00008817      0x41f src\moter.o
 .debug_info    0x00008c36       0x6c src\startup_stm32f10x_hd.o
 .debug_info    0x00008ca2      0x137 src\stm32f10x_it.o
 .debug_info    0x00008dd9      0x67d src\syscall.o
 .debug_info    0x00009456      0x485 src\system_stm32f10x.o

.debug_abbrev   0x00000000     0x1d63
 .debug_abbrev  0x00000000      0x14c Libraries\STM32F10x_StdPeriph_Driver\src\misc.o
 .debug_abbrev  0x0000014c      0x19f Libraries\STM32F10x_StdPeriph_Driver\src\stm32f10x_adc.o
 .debug_abbrev  0x000002eb      0x15c Libraries\STM32F10x_StdPeriph_Driver\src\stm32f10x_dma.o
 .debug_abbrev  0x00000447      0x194 Libraries\STM32F10x_StdPeriph_Driver\src\stm32f10x_flash.o
 .debug_abbrev  0x000005db      0x1d1 Libraries\STM32F10x_StdPeriph_Driver\src\stm32f10x_gpio.o
 .debug_abbrev  0x000007ac      0x1c1 Libraries\STM32F10x_StdPeriph_Driver\src\stm32f10x_rcc.o
 .debug_abbrev  0x0000096d      0x1b7 Libraries\STM32F10x_StdPeriph_Driver\src\stm32f10x_tim.o
 .debug_abbrev  0x00000b24      0x169 Libraries\STM32F10x_StdPeriph_Driver\src\stm32f10x_usart.o
 .debug_abbrev  0x00000c8d      0x29a src\config.o
 .debug_abbrev  0x00000f27      0x15a src\flash.o
 .debug_abbrev  0x00001081       0xd0 src\global_var.o
 .debug_abbrev  0x00001151      0x151 src\irq.o
 .debug_abbrev  0x000012a2      0x225 src\lcd.o
 .debug_abbrev  0x000014c7       0x3a src\main.o
 .debug_abbrev  0x00001501      0x1e9 src\maze.o
 .debug_abbrev  0x000016ea      0x1c4 src\mode.o
 .debug_abbrev  0x000018ae      0x146 src\moter.o
 .debug_abbrev  0x000019f4       0x12 src\startup_stm32f10x_hd.o
 .debug_abbrev  0x00001a06       0x6a src\stm32f10x_it.o
 .debug_abbrev  0x00001a70      0x1a0 src\syscall.o
 .debug_abbrev  0x00001c10      0x153 src\system_stm32f10x.o

.debug_aranges  0x00000000      0xe18
 .debug_aranges
                0x00000000       0x40 Libraries\STM32F10x_StdPeriph_Driver\src\misc.o
 .debug_aranges
                0x00000040      0x138 Libraries\STM32F10x_StdPeriph_Driver\src\stm32f10x_adc.o
 .debug_aranges
                0x00000178       0x70 Libraries\STM32F10x_StdPeriph_Driver\src\stm32f10x_dma.o
 .debug_aranges
                0x000001e8       0xf8 Libraries\STM32F10x_StdPeriph_Driver\src\stm32f10x_flash.o
 .debug_aranges
                0x000002e0       0xa8 Libraries\STM32F10x_StdPeriph_Driver\src\stm32f10x_gpio.o
 .debug_aranges
                0x00000388      0x118 Libraries\STM32F10x_StdPeriph_Driver\src\stm32f10x_rcc.o
 .debug_aranges
                0x000004a0      0x2f0 Libraries\STM32F10x_StdPeriph_Driver\src\stm32f10x_tim.o
 .debug_aranges
                0x00000790      0x100 Libraries\STM32F10x_StdPeriph_Driver\src\stm32f10x_usart.o
 .debug_aranges
                0x00000890      0x178 src\config.o
 .debug_aranges
                0x00000a08       0x60 src\flash.o
 .debug_aranges
                0x00000a68       0x18 src\global_var.o
 .debug_aranges
                0x00000a80       0x30 src\irq.o
 .debug_aranges
                0x00000ab0       0xa8 src\lcd.o
 .debug_aranges
                0x00000b58       0x20 src\main.o
 .debug_aranges
                0x00000b78       0x68 src\maze.o
 .debug_aranges
                0x00000be0       0x80 src\mode.o
 .debug_aranges
                0x00000c60       0x58 src\moter.o
 .debug_aranges
                0x00000cb8       0x28 src\startup_stm32f10x_hd.o
 .debug_aranges
                0x00000ce0       0x60 src\stm32f10x_it.o
 .debug_aranges
                0x00000d40       0xa0 src\syscall.o
 .debug_aranges
                0x00000de0       0x38 src\system_stm32f10x.o

.debug_ranges   0x00000000      0xcc8
 .debug_ranges  0x00000000       0x30 Libraries\STM32F10x_StdPeriph_Driver\src\misc.o
 .debug_ranges  0x00000030      0x128 Libraries\STM32F10x_StdPeriph_Driver\src\stm32f10x_adc.o
 .debug_ranges  0x00000158       0x60 Libraries\STM32F10x_StdPeriph_Driver\src\stm32f10x_dma.o
 .debug_ranges  0x000001b8       0xe8 Libraries\STM32F10x_StdPeriph_Driver\src\stm32f10x_flash.o
 .debug_ranges  0x000002a0       0x98 Libraries\STM32F10x_StdPeriph_Driver\src\stm32f10x_gpio.o
 .debug_ranges  0x00000338      0x108 Libraries\STM32F10x_StdPeriph_Driver\src\stm32f10x_rcc.o
 .debug_ranges  0x00000440      0x2e0 Libraries\STM32F10x_StdPeriph_Driver\src\stm32f10x_tim.o
 .debug_ranges  0x00000720       0xf0 Libraries\STM32F10x_StdPeriph_Driver\src\stm32f10x_usart.o
 .debug_ranges  0x00000810      0x168 src\config.o
 .debug_ranges  0x00000978       0x50 src\flash.o
 .debug_ranges  0x000009c8       0x20 src\irq.o
 .debug_ranges  0x000009e8       0x98 src\lcd.o
 .debug_ranges  0x00000a80       0x10 src\main.o
 .debug_ranges  0x00000a90       0x58 src\maze.o
 .debug_ranges  0x00000ae8       0x70 src\mode.o
 .debug_ranges  0x00000b58       0x48 src\moter.o